Component: ARM Compiler 6.13.1 Tool: armlink [5d895400]

==============================================================================

Section Cross References

    arm_bayes_example_f32.o(.text.main) refers to bayesfunctions.o(.text.arm_gaussian_naive_bayes_predict_f32) for arm_gaussian_naive_bayes_predict_f32
    arm_bayes_example_f32.o(.text.main) refers to arm_bayes_example_f32.o(.bss.S) for S
    arm_bayes_example_f32.o(.text.main) refers to arm_bayes_example_f32.o(.rodata.classPriors) for classPriors
    arm_bayes_example_f32.o(.text.main) refers to arm_bayes_example_f32.o(.rodata.sigma) for sigma
    arm_bayes_example_f32.o(.text.main) refers to arm_bayes_example_f32.o(.rodata.theta) for theta
    arm_bayes_example_f32.o(.ARM.exidx.text.main) refers to arm_bayes_example_f32.o(.text.main) for [Anonymous Symbol]
    basicmathfunctions.o(.ARM.exidx.text.arm_abs_f32) refers to basicmathfunctions.o(.text.arm_abs_f32) for [Anonymous Symbol]
    basicmathfunctions.o(.ARM.exidx.text.arm_abs_q15) refers to basicmathfunctions.o(.text.arm_abs_q15) for [Anonymous Symbol]
    basicmathfunctions.o(.ARM.exidx.text.arm_abs_q31) refers to basicmathfunctions.o(.text.arm_abs_q31) for [Anonymous Symbol]
    basicmathfunctions.o(.ARM.exidx.text.arm_abs_q7) refers to basicmathfunctions.o(.text.arm_abs_q7) for [Anonymous Symbol]
    basicmathfunctions.o(.text.arm_add_f32) refers to faddsub.o(x$fpl$fadd) for __aeabi_fadd
    basicmathfunctions.o(.ARM.exidx.text.arm_add_f32) refers to basicmathfunctions.o(.text.arm_add_f32) for [Anonymous Symbol]
    basicmathfunctions.o(.ARM.exidx.text.arm_add_q15) refers to basicmathfunctions.o(.text.arm_add_q15) for [Anonymous Symbol]
    basicmathfunctions.o(.ARM.exidx.text.arm_add_q31) refers to basicmathfunctions.o(.text.arm_add_q31) for [Anonymous Symbol]
    basicmathfunctions.o(.ARM.exidx.text.arm_add_q7) refers to basicmathfunctions.o(.text.arm_add_q7) for [Anonymous Symbol]
    basicmathfunctions.o(.ARM.exidx.text.arm_and_u16) refers to basicmathfunctions.o(.text.arm_and_u16) for [Anonymous Symbol]
    basicmathfunctions.o(.ARM.exidx.text.arm_and_u32) refers to basicmathfunctions.o(.text.arm_and_u32) for [Anonymous Symbol]
    basicmathfunctions.o(.ARM.exidx.text.arm_and_u8) refers to basicmathfunctions.o(.text.arm_and_u8) for [Anonymous Symbol]
    basicmathfunctions.o(.text.arm_dot_prod_f32) refers to fmul.o(x$fpl$fmul) for __aeabi_fmul
    basicmathfunctions.o(.text.arm_dot_prod_f32) refers to faddsub.o(x$fpl$fadd) for __aeabi_fadd
    basicmathfunctions.o(.ARM.exidx.text.arm_dot_prod_f32) refers to basicmathfunctions.o(.text.arm_dot_prod_f32) for [Anonymous Symbol]
    basicmathfunctions.o(.ARM.exidx.text.arm_dot_prod_q15) refers to basicmathfunctions.o(.text.arm_dot_prod_q15) for [Anonymous Symbol]
    basicmathfunctions.o(.text.arm_dot_prod_q31) refers to llmul.o(.text) for __aeabi_lmul
    basicmathfunctions.o(.ARM.exidx.text.arm_dot_prod_q31) refers to basicmathfunctions.o(.text.arm_dot_prod_q31) for [Anonymous Symbol]
    basicmathfunctions.o(.ARM.exidx.text.arm_dot_prod_q7) refers to basicmathfunctions.o(.text.arm_dot_prod_q7) for [Anonymous Symbol]
    basicmathfunctions.o(.text.arm_mult_f32) refers to fmul.o(x$fpl$fmul) for __aeabi_fmul
    basicmathfunctions.o(.ARM.exidx.text.arm_mult_f32) refers to basicmathfunctions.o(.text.arm_mult_f32) for [Anonymous Symbol]
    basicmathfunctions.o(.ARM.exidx.text.arm_mult_q15) refers to basicmathfunctions.o(.text.arm_mult_q15) for [Anonymous Symbol]
    basicmathfunctions.o(.text.arm_mult_q31) refers to llmul.o(.text) for __aeabi_lmul
    basicmathfunctions.o(.ARM.exidx.text.arm_mult_q31) refers to basicmathfunctions.o(.text.arm_mult_q31) for [Anonymous Symbol]
    basicmathfunctions.o(.ARM.exidx.text.arm_mult_q7) refers to basicmathfunctions.o(.text.arm_mult_q7) for [Anonymous Symbol]
    basicmathfunctions.o(.ARM.exidx.text.arm_negate_f32) refers to basicmathfunctions.o(.text.arm_negate_f32) for [Anonymous Symbol]
    basicmathfunctions.o(.ARM.exidx.text.arm_negate_q15) refers to basicmathfunctions.o(.text.arm_negate_q15) for [Anonymous Symbol]
    basicmathfunctions.o(.ARM.exidx.text.arm_negate_q31) refers to basicmathfunctions.o(.text.arm_negate_q31) for [Anonymous Symbol]
    basicmathfunctions.o(.ARM.exidx.text.arm_negate_q7) refers to basicmathfunctions.o(.text.arm_negate_q7) for [Anonymous Symbol]
    basicmathfunctions.o(.ARM.exidx.text.arm_not_u16) refers to basicmathfunctions.o(.text.arm_not_u16) for [Anonymous Symbol]
    basicmathfunctions.o(.ARM.exidx.text.arm_not_u32) refers to basicmathfunctions.o(.text.arm_not_u32) for [Anonymous Symbol]
    basicmathfunctions.o(.ARM.exidx.text.arm_not_u8) refers to basicmathfunctions.o(.text.arm_not_u8) for [Anonymous Symbol]
    basicmathfunctions.o(.text.arm_offset_f32) refers to faddsub.o(x$fpl$fadd) for __aeabi_fadd
    basicmathfunctions.o(.ARM.exidx.text.arm_offset_f32) refers to basicmathfunctions.o(.text.arm_offset_f32) for [Anonymous Symbol]
[...]
    Removing filteringfunctions.o(.text.arm_fir_init_q7), (26 bytes).
    Removing filteringfunctions.o(.ARM.exidx.text.arm_fir_init_q7), (8 bytes).
    Removing filteringfunctions.o(.text.arm_fir_interpolate_f32), (184 bytes).
    Removing filteringfunctions.o(.ARM.exidx.text.arm_fir_interpolate_f32), (8 bytes).
    Removing filteringfunctions.o(.text.arm_fir_interpolate_init_f32), (74 bytes).
    Removing filteringfunctions.o(.ARM.exidx.text.arm_fir_interpolate_init_f32), (8 bytes).
    Removing filteringfunctions.o(.text.arm_fir_interpolate_init_q15), (74 bytes).
    Removing filteringfunctions.o(.ARM.exidx.text.arm_fir_interpolate_init_q15), (8 bytes).
    Removing filteringfunctions.o(.text.arm_fir_interpolate_init_q31), (74 bytes).
    Removing filteringfunctions.o(.ARM.exidx.text.arm_fir_interpolate_init_q31), (8 bytes).
    Removing filteringfunctions.o(.text.arm_fir_interpolate_q15), (256 bytes).
    Removing filteringfunctions.o(.ARM.exidx.text.arm_fir_interpolate_q15), (8 bytes).
    Removing filteringfunctions.o(.text.arm_fir_interpolate_q31), (196 bytes).
    Removing filteringfunctions.o(.ARM.exidx.text.arm_fir_interpolate_q31), (8 bytes).
    Removing filteringfunctions.o(.text.arm_fir_lattice_f32), (168 bytes).
    Removing filteringfunctions.o(.ARM.exidx.text.arm_fir_lattice_f32), (8 bytes).
    Removing filteringfunctions.o(.text.arm_fir_lattice_init_f32), (22 bytes).
    Removing filteringfunctions.o(.ARM.exidx.text.arm_fir_lattice_init_f32), (8 bytes).
    Removing filteringfunctions.o(.text.arm_fir_lattice_init_q15), (22 bytes).
    Removing filteringfunctions.o(.ARM.exidx.text.arm_fir_lattice_init_q15), (8 bytes).
    Removing filteringfunctions.o(.text.arm_fir_lattice_init_q31), (22 bytes).
    Removing filteringfunctions.o(.ARM.exidx.text.arm_fir_lattice_init_q31), (8 bytes).
    Removing filteringfunctions.o(.text.arm_fir_lattice_q15), (212 bytes).
    Removing filteringfunctions.o(.ARM.exidx.text.arm_fir_lattice_q15), (8 bytes).
    Removing filteringfunctions.o(.text.arm_fir_lattice_q31), (168 bytes).
    Removing filteringfunctions.o(.ARM.exidx.text.arm_fir_lattice_q31), (8 bytes).
    Removing filteringfunctions.o(.text.arm_fir_q15), (196 bytes).
    Removing filteringfunctions.o(.ARM.exidx.text.arm_fir_q15), (8 bytes).
    Removing filteringfunctions.o(.text.arm_fir_q31), (132 bytes).
    Removing filteringfunctions.o(.ARM.exidx.text.arm_fir_q31), (8 bytes).
    Removing filteringfunctions.o(.text.arm_fir_q7), (148 bytes).
    Removing filteringfunctions.o(.ARM.exidx.text.arm_fir_q7), (8 bytes).
    Removing filteringfunctions.o(.text.arm_fir_sparse_f32), (368 bytes).
    Removing filteringfunctions.o(.ARM.exidx.text.arm_fir_sparse_f32), (8 bytes).
    Removing filteringfunctions.o(.text.arm_fir_sparse_init_f32), (38 bytes).
    Removing filteringfunctions.o(.ARM.exidx.text.arm_fir_sparse_init_f32), (8 bytes).
    Removing filteringfunctions.o(.text.arm_fir_sparse_init_q15), (38 bytes).
    Removing filteringfunctions.o(.ARM.exidx.text.arm_fir_sparse_init_q15), (8 bytes).
    Removing filteringfunctions.o(.text.arm_fir_sparse_init_q31), (38 bytes).
    Removing filteringfunctions.o(.ARM.exidx.text.arm_fir_sparse_init_q31), (8 bytes).
    Removing filteringfunctions.o(.text.arm_fir_sparse_init_q7), (36 bytes).
    Removing filteringfunctions.o(.ARM.exidx.text.arm_fir_sparse_init_q7), (8 bytes).
    Removing filteringfunctions.o(.text.arm_fir_sparse_q15), (444 bytes).
    Removing filteringfunctions.o(.ARM.exidx.text.arm_fir_sparse_q15), (8 bytes).
    Removing filteringfunctions.o(.text.arm_fir_sparse_q31), (410 bytes).
    Removing filteringfunctions.o(.ARM.exidx.text.arm_fir_sparse_q31), (8 bytes).
    Removing filteringfunctions.o(.text.arm_fir_sparse_q7), (396 bytes).
    Removing filteringfunctions.o(.ARM.exidx.text.arm_fir_sparse_q7), (8 bytes).
    Removing filteringfunctions.o(.text.arm_iir_lattice_f32), (214 bytes).
    Removing filteringfunctions.o(.ARM.exidx.text.arm_iir_lattice_f32), (8 bytes).
    Removing filteringfunctions.o(.text.arm_iir_lattice_init_f32), (28 bytes).
    Removing filteringfunctions.o(.ARM.exidx.text.arm_iir_lattice_init_f32), (8 bytes).
    Removing filteringfunctions.o(.text.arm_iir_lattice_init_q15), (28 bytes).
    Removing filteringfunctions.o(.ARM.exidx.text.arm_iir_lattice_init_q15), (8 bytes).
    Removing filteringfunctions.o(.text.arm_iir_lattice_init_q31), (28 bytes).
    Removing filteringfunctions.o(.ARM.exidx.text.arm_iir_lattice_init_q31), (8 bytes).
    Removing filteringfunctions.o(.text.arm_iir_lattice_q15), (268 bytes).
    Removing filteringfunctions.o(.ARM.exidx.text.arm_iir_lattice_q15), (8 bytes).
    Removing filteringfunctions.o(.text.arm_iir_lattice_q31), (308 bytes).
    Removing filteringfunctions.o(.ARM.exidx.text.arm_iir_lattice_q31), (8 bytes).
    Removing filteringfunctions.o(.text.arm_lms_f32), (206 bytes).
    Removing filteringfunctions.o(.ARM.exidx.text.arm_lms_f32), (8 bytes).
    Removing filteringfunctions.o(.text.arm_lms_init_f32), (32 bytes).
    Removing filteringfunctions.o(.ARM.exidx.text.arm_lms_init_f32), (8 bytes).
    Removing filteringfunctions.o(.text.arm_lms_init_q15), (36 bytes).
    Removing filteringfunctions.o(.ARM.exidx.text.arm_lms_init_q15), (8 bytes).
    Removing filteringfunctions.o(.text.arm_lms_init_q31), (36 bytes).
    Removing filteringfunctions.o(.ARM.exidx.text.arm_lms_init_q31), (8 bytes).
    Removing filteringfunctions.o(.text.arm_lms_norm_f32), (288 bytes).
    Removing filteringfunctions.o(.ARM.exidx.text.arm_lms_norm_f32), (8 bytes).
    Removing filteringfunctions.o(.text.arm_lms_norm_init_f32), (38 bytes).
    Removing filteringfunctions.o(.ARM.exidx.text.arm_lms_norm_init_f32), (8 bytes).
    Removing filteringfunctions.o(.text.arm_lms_norm_init_q15), (48 bytes).
    Removing filteringfunctions.o(.ARM.exidx.text.arm_lms_norm_init_q15), (8 bytes).
    Removing filteringfunctions.o(.text.arm_lms_norm_init_q31), (52 bytes).
    Removing filteringfunctions.o(.ARM.exidx.text.arm_lms_norm_init_q31), (8 bytes).
    Removing filteringfunctions.o(.text.arm_lms_norm_q15), (560 bytes).
    Removing filteringfunctions.o(.ARM.exidx.text.arm_lms_norm_q15), (8 bytes).
    Removing filteringfunctions.o(.text.arm_lms_norm_q31), (604 bytes).
    Removing filteringfunctions.o(.ARM.exidx.text.arm_lms_norm_q31), (8 bytes).
    Removing filteringfunctions.o(.text.arm_lms_q15), (280 bytes).
    Removing filteringfunctions.o(.ARM.exidx.text.arm_lms_q15), (8 bytes).
    Removing filteringfunctions.o(.text.arm_lms_q31), (288 bytes).
    Removing filteringfunctions.o(.ARM.exidx.text.arm_lms_q31), (8 bytes).
    Removing matrixfunctions.o(.text), (0 bytes).
    Removing matrixfunctions.o(.text.arm_mat_add_f32), (38 bytes).
    Removing matrixfunctions.o(.ARM.exidx.text.arm_mat_add_f32), (8 bytes).
    Removing matrixfunctions.o(.text.arm_mat_add_q15), (72 bytes).
    Removing matrixfunctions.o(.ARM.exidx.text.arm_mat_add_q15), (8 bytes).
    Removing matrixfunctions.o(.text.arm_mat_add_q31), (60 bytes).
    Removing matrixfunctions.o(.ARM.exidx.text.arm_mat_add_q31), (8 bytes).
    Removing matrixfunctions.o(.text.arm_mat_cmplx_mult_f32), (218 bytes).
    Removing matrixfunctions.o(.ARM.exidx.text.arm_mat_cmplx_mult_f32), (8 bytes).
    Removing matrixfunctions.o(.text.arm_mat_cmplx_mult_q15), (552 bytes).
    Removing matrixfunctions.o(.ARM.exidx.text.arm_mat_cmplx_mult_q15), (8 bytes).
    Removing matrixfunctions.o(.text.arm_mat_cmplx_mult_q31), (320 bytes).
    Removing matrixfunctions.o(.ARM.exidx.text.arm_mat_cmplx_mult_q31), (8 bytes).
    Removing matrixfunctions.o(.text.arm_mat_init_f32), (8 bytes).
    Removing matrixfunctions.o(.ARM.exidx.text.arm_mat_init_f32), (8 bytes).
    Removing matrixfunctions.o(.text.arm_mat_init_q15), (8 bytes).
    Removing matrixfunctions.o(.ARM.exidx.text.arm_mat_init_q15), (8 bytes).
    Removing matrixfunctions.o(.text.arm_mat_init_q31), (8 bytes).
    Removing matrixfunctions.o(.ARM.exidx.text.arm_mat_init_q31), (8 bytes).
    Removing matrixfunctions.o(.text.arm_mat_inverse_f32), (608 bytes).
    Removing matrixfunctions.o(.ARM.exidx.text.arm_mat_inverse_f32), (8 bytes).
    Removing matrixfunctions.o(.text.arm_mat_inverse_f64), (712 bytes).
    Removing matrixfunctions.o(.ARM.exidx.text.arm_mat_inverse_f64), (8 bytes).
    Removing matrixfunctions.o(.text.arm_mat_mult_f32), (146 bytes).
    Removing matrixfunctions.o(.ARM.exidx.text.arm_mat_mult_f32), (8 bytes).
    Removing matrixfunctions.o(.text.arm_mat_mult_fast_q15), (392 bytes).
    Removing matrixfunctions.o(.ARM.exidx.text.arm_mat_mult_fast_q15), (8 bytes).
    Removing matrixfunctions.o(.text.arm_mat_mult_fast_q31), (560 bytes).
    Removing matrixfunctions.o(.ARM.exidx.text.arm_mat_mult_fast_q31), (8 bytes).
    Removing matrixfunctions.o(.text.arm_mat_mult_q15), (176 bytes).
    Removing matrixfunctions.o(.ARM.exidx.text.arm_mat_mult_q15), (8 bytes).
    Removing matrixfunctions.o(.text.arm_mat_mult_q31), (152 bytes).
    Removing matrixfunctions.o(.ARM.exidx.text.arm_mat_mult_q31), (8 bytes).
    Removing matrixfunctions.o(.text.arm_mat_scale_f32), (38 bytes).
    Removing matrixfunctions.o(.ARM.exidx.text.arm_mat_scale_f32), (8 bytes).
    Removing matrixfunctions.o(.text.arm_mat_scale_q15), (72 bytes).
    Removing matrixfunctions.o(.ARM.exidx.text.arm_mat_scale_q15), (8 bytes).
    Removing matrixfunctions.o(.text.arm_mat_scale_q31), (72 bytes).
    Removing matrixfunctions.o(.ARM.exidx.text.arm_mat_scale_q31), (8 bytes).
    Removing matrixfunctions.o(.text.arm_mat_sub_f32), (38 bytes).
    Removing matrixfunctions.o(.ARM.exidx.text.arm_mat_sub_f32), (8 bytes).
    Removing matrixfunctions.o(.text.arm_mat_sub_q15), (72 bytes).
    Removing matrixfunctions.o(.ARM.exidx.text.arm_mat_sub_q15), (8 bytes).
    Removing matrixfunctions.o(.text.arm_mat_sub_q31), (60 bytes).
    Removing matrixfunctions.o(.ARM.exidx.text.arm_mat_sub_q31), (8 bytes).
    Removing matrixfunctions.o(.text.arm_mat_trans_f32), (46 bytes).
    Removing matrixfunctions.o(.ARM.exidx.text.arm_mat_trans_f32), (8 bytes).
    Removing matrixfunctions.o(.text.arm_mat_trans_q15), (50 bytes).
    Removing matrixfunctions.o(.ARM.exidx.text.arm_mat_trans_q15), (8 bytes).
    Removing matrixfunctions.o(.text.arm_mat_trans_q31), (46 bytes).
    Removing matrixfunctions.o(.ARM.exidx.text.arm_mat_trans_q31), (8 bytes).
    Removing svmfunctions.o(.text), (0 bytes).
    Removing svmfunctions.o(.text.arm_svm_linear_init_f32), (16 bytes).
    Removing svmfunctions.o(.ARM.exidx.text.arm_svm_linear_init_f32), (8 bytes).
    Removing svmfunctions.o(.text.arm_svm_linear_predict_f32), (152 bytes).
    Removing svmfunctions.o(.ARM.exidx.text.arm_svm_linear_predict_f32), (8 bytes).
    Removing svmfunctions.o(.text.arm_svm_polynomial_init_f32), (28 bytes).
    Removing svmfunctions.o(.ARM.exidx.text.arm_svm_polynomial_init_f32), (8 bytes).
    Removing svmfunctions.o(.text.arm_svm_polynomial_predict_f32), (186 bytes).
    Removing svmfunctions.o(.ARM.exidx.text.arm_svm_polynomial_predict_f32), (8 bytes).
    Removing svmfunctions.o(.text.arm_exponent_f32), (30 bytes).
    Removing svmfunctions.o(.ARM.exidx.text.arm_exponent_f32), (8 bytes).
    Removing svmfunctions.o(.text.arm_svm_rbf_init_f32), (20 bytes).
    Removing svmfunctions.o(.ARM.exidx.text.arm_svm_rbf_init_f32), (8 bytes).
    Removing svmfunctions.o(.text.arm_svm_rbf_predict_f32), (162 bytes).
    Removing svmfunctions.o(.ARM.exidx.text.arm_svm_rbf_predict_f32), (8 bytes).
    Removing svmfunctions.o(.text.arm_svm_sigmoid_init_f32), (24 bytes).
    Removing svmfunctions.o(.ARM.exidx.text.arm_svm_sigmoid_init_f32), (8 bytes).
    Removing svmfunctions.o(.text.arm_svm_sigmoid_predict_f32), (156 bytes).
    Removing svmfunctions.o(.ARM.exidx.text.arm_svm_sigmoid_predict_f32), (8 bytes).
    Removing statisticsfunctions.o(.text), (0 bytes).
    Removing statisticsfunctions.o(.text.arm_entropy_f32), (58 bytes).
    Removing statisticsfunctions.o(.ARM.exidx.text.arm_entropy_f32), (8 bytes).
    Removing statisticsfunctions.o(.text.arm_entropy_f64), (82 bytes).
    Removing statisticsfunctions.o(.ARM.exidx.text.arm_entropy_f64), (8 bytes).
    Removing statisticsfunctions.o(.text.arm_kullback_leibler_f32), (68 bytes).
    Removing statisticsfunctions.o(.ARM.exidx.text.arm_kullback_leibler_f32), (8 bytes).
    Removing statisticsfunctions.o(.text.arm_kullback_leibler_f64), (94 bytes).
    Removing statisticsfunctions.o(.ARM.exidx.text.arm_kullback_leibler_f64), (8 bytes).
    Removing statisticsfunctions.o(.text.arm_logsumexp_dot_prod_f32), (24 bytes).
    Removing statisticsfunctions.o(.ARM.exidx.text.arm_logsumexp_dot_prod_f32), (8 bytes).
    Removing statisticsfunctions.o(.text.arm_logsumexp_f32), (116 bytes).
    Removing statisticsfunctions.o(.ARM.exidx.text.arm_logsumexp_f32), (8 bytes).
    Removing statisticsfunctions.o(.ARM.exidx.text.arm_max_f32), (8 bytes).
    Removing statisticsfunctions.o(.text.arm_max_q15), (72 bytes).
    Removing statisticsfunctions.o(.ARM.exidx.text.arm_max_q15), (8 bytes).
    Removing statisticsfunctions.o(.text.arm_max_q31), (62 bytes).
    Removing statisticsfunctions.o(.ARM.exidx.text.arm_max_q31), (8 bytes).
    Removing statisticsfunctions.o(.text.arm_max_q7), (66 bytes).
    Removing statisticsfunctions.o(.ARM.exidx.text.arm_max_q7), (8 bytes).
    Removing statisticsfunctions.o(.text.arm_max_no_idx_f32), (56 bytes).
    Removing statisticsfunctions.o(.ARM.exidx.text.arm_max_no_idx_f32), (8 bytes).
    Removing statisticsfunctions.o(.text.arm_mean_f32), (58 bytes).
    Removing statisticsfunctions.o(.ARM.exidx.text.arm_mean_f32), (8 bytes).
    Removing statisticsfunctions.o(.text.arm_mean_q15), (40 bytes).
    Removing statisticsfunctions.o(.ARM.exidx.text.arm_mean_q15), (8 bytes).
    Removing statisticsfunctions.o(.text.arm_mean_q31), (50 bytes).
    Removing statisticsfunctions.o(.ARM.exidx.text.arm_mean_q31), (8 bytes).
    Removing statisticsfunctions.o(.text.arm_mean_q7), (40 bytes).
    Removing statisticsfunctions.o(.ARM.exidx.text.arm_mean_q7), (8 bytes).
    Removing statisticsfunctions.o(.text.arm_min_f32), (94 bytes).
    Removing statisticsfunctions.o(.ARM.exidx.text.arm_min_f32), (8 bytes).
    Removing statisticsfunctions.o(.text.arm_min_q15), (72 bytes).
    Removing statisticsfunctions.o(.ARM.exidx.text.arm_min_q15), (8 bytes).
    Removing statisticsfunctions.o(.text.arm_min_q31), (62 bytes).
    Removing statisticsfunctions.o(.ARM.exidx.text.arm_min_q31), (8 bytes).
    Removing statisticsfunctions.o(.text.arm_min_q7), (66 bytes).
    Removing statisticsfunctions.o(.ARM.exidx.text.arm_min_q7), (8 bytes).
    Removing statisticsfunctions.o(.text.arm_power_f32), (48 bytes).
    Removing statisticsfunctions.o(.ARM.exidx.text.arm_power_f32), (8 bytes).
    Removing statisticsfunctions.o(.text.arm_power_q15), (42 bytes).
    Removing statisticsfunctions.o(.ARM.exidx.text.arm_power_q15), (8 bytes).
    Removing statisticsfunctions.o(.text.arm_power_q31), (60 bytes).
    Removing statisticsfunctions.o(.ARM.exidx.text.arm_power_q31), (8 bytes).
    Removing statisticsfunctions.o(.text.arm_power_q7), (28 bytes).
    Removing statisticsfunctions.o(.ARM.exidx.text.arm_power_q7), (8 bytes).
    Removing statisticsfunctions.o(.text.arm_rms_f32), (88 bytes).
    Removing statisticsfunctions.o(.ARM.exidx.text.arm_rms_f32), (8 bytes).
    Removing statisticsfunctions.o(.text.arm_rms_q15), (96 bytes).
    Removing statisticsfunctions.o(.ARM.exidx.text.arm_rms_q15), (8 bytes).
    Removing statisticsfunctions.o(.text.arm_rms_q31), (88 bytes).
    Removing statisticsfunctions.o(.ARM.exidx.text.arm_rms_q31), (8 bytes).
    Removing statisticsfunctions.o(.text.arm_std_f32), (42 bytes).
    Removing statisticsfunctions.o(.ARM.exidx.text.arm_std_f32), (8 bytes).
    Removing statisticsfunctions.o(.text.arm_var_f32), (124 bytes).
    Removing statisticsfunctions.o(.ARM.exidx.text.arm_var_f32), (8 bytes).
    Removing statisticsfunctions.o(.text.arm_std_q15), (136 bytes).
    Removing statisticsfunctions.o(.ARM.exidx.text.arm_std_q15), (8 bytes).
    Removing statisticsfunctions.o(.text.arm_std_q31), (144 bytes).
    Removing statisticsfunctions.o(.ARM.exidx.text.arm_std_q31), (8 bytes).
    Removing statisticsfunctions.o(.text.arm_var_q15), (102 bytes).
    Removing statisticsfunctions.o(.ARM.exidx.text.arm_var_q15), (8 bytes).
    Removing statisticsfunctions.o(.text.arm_var_q31), (138 bytes).
    Removing statisticsfunctions.o(.ARM.exidx.text.arm_var_q31), (8 bytes).
    Removing supportfunctions.o(.text), (0 bytes).
    Removing supportfunctions.o(.text.arm_barycenter_f32), (124 bytes).
    Removing supportfunctions.o(.ARM.exidx.text.arm_barycenter_f32), (8 bytes).
    Removing supportfunctions.o(.text.arm_bitonic_sort_f32), (92 bytes).
    Removing supportfunctions.o(.ARM.exidx.text.arm_bitonic_sort_f32), (8 bytes).
    Removing supportfunctions.o(.text.arm_bitonic_sort_core_f32), (166 bytes).
    Removing supportfunctions.o(.ARM.exidx.text.arm_bitonic_sort_core_f32), (8 bytes).
    Removing supportfunctions.o(.text.arm_bubble_sort_f32), (114 bytes).
    Removing supportfunctions.o(.ARM.exidx.text.arm_bubble_sort_f32), (8 bytes).
    Removing supportfunctions.o(.text.arm_copy_f32), (14 bytes).
    Removing supportfunctions.o(.ARM.exidx.text.arm_copy_f32), (8 bytes).
    Removing supportfunctions.o(.text.arm_copy_q15), (20 bytes).
    Removing supportfunctions.o(.ARM.exidx.text.arm_copy_q15), (8 bytes).
    Removing supportfunctions.o(.text.arm_copy_q31), (14 bytes).
    Removing supportfunctions.o(.ARM.exidx.text.arm_copy_q31), (8 bytes).
    Removing supportfunctions.o(.text.arm_copy_q7), (20 bytes).
    Removing supportfunctions.o(.ARM.exidx.text.arm_copy_q7), (8 bytes).
    Removing supportfunctions.o(.text.arm_fill_f32), (12 bytes).
    Removing supportfunctions.o(.ARM.exidx.text.arm_fill_f32), (8 bytes).
    Removing supportfunctions.o(.text.arm_fill_q15), (16 bytes).
    Removing supportfunctions.o(.ARM.exidx.text.arm_fill_q15), (8 bytes).
    Removing supportfunctions.o(.text.arm_fill_q31), (12 bytes).
    Removing supportfunctions.o(.ARM.exidx.text.arm_fill_q31), (8 bytes).
    Removing supportfunctions.o(.text.arm_fill_q7), (20 bytes).
    Removing supportfunctions.o(.ARM.exidx.text.arm_fill_q7), (8 bytes).
    Removing supportfunctions.o(.text.arm_heap_sort_f32), (92 bytes).
    Removing supportfunctions.o(.ARM.exidx.text.arm_heap_sort_f32), (8 bytes).
    Removing supportfunctions.o(.text.arm_heapify), (116 bytes).
    Removing supportfunctions.o(.ARM.exidx.text.arm_heapify), (8 bytes).
    Removing supportfunctions.o(.text.arm_insertion_sort_f32), (126 bytes).
    Removing supportfunctions.o(.ARM.exidx.text.arm_insertion_sort_f32), (8 bytes).
    Removing supportfunctions.o(.text.arm_merge_sort_f32), (62 bytes).
    Removing supportfunctions.o(.ARM.exidx.text.arm_merge_sort_f32), (8 bytes).
    Removing supportfunctions.o(.text.arm_merge_sort_core_f32), (76 bytes).
    Removing supportfunctions.o(.ARM.exidx.text.arm_merge_sort_core_f32), (8 bytes).
    Removing supportfunctions.o(.text.arm_merge_sort_init_f32), (6 bytes).
    Removing supportfunctions.o(.ARM.exidx.text.arm_merge_sort_init_f32), (8 bytes).
    Removing supportfunctions.o(.text.arm_quick_sort_f32), (38 bytes).
    Removing supportfunctions.o(.ARM.exidx.text.arm_quick_sort_f32), (8 bytes).
    Removing supportfunctions.o(.text.arm_quick_sort_core_f32), (54 bytes).
    Removing supportfunctions.o(.ARM.exidx.text.arm_quick_sort_core_f32), (8 bytes).
    Removing supportfunctions.o(.text.arm_selection_sort_f32), (136 bytes).
    Removing supportfunctions.o(.ARM.exidx.text.arm_selection_sort_f32), (8 bytes).
    Removing supportfunctions.o(.text.arm_sort_f32), (58 bytes).
    Removing supportfunctions.o(.ARM.exidx.text.arm_sort_f32), (8 bytes).
    Removing supportfunctions.o(.text.arm_sort_init_f32), (6 bytes).
    Removing supportfunctions.o(.ARM.exidx.text.arm_sort_init_f32), (8 bytes).
    Removing supportfunctions.o(.text.arm_spline_f32), (412 bytes).
    Removing supportfunctions.o(.ARM.exidx.text.arm_spline_f32), (8 bytes).
    Removing supportfunctions.o(.text.arm_spline_init_f32), (580 bytes).
    Removing supportfunctions.o(.ARM.exidx.text.arm_spline_init_f32), (8 bytes).
    Removing supportfunctions.o(.text.arm_weighted_sum_f32), (70 bytes).
    Removing supportfunctions.o(.ARM.exidx.text.arm_weighted_sum_f32), (8 bytes).
    Removing supportfunctions.o(.text.arm_float_to_q15), (72 bytes).
    Removing supportfunctions.o(.ARM.exidx.text.arm_float_to_q15), (8 bytes).
    Removing supportfunctions.o(.text.arm_float_to_q31), (60 bytes).
    Removing supportfunctions.o(.ARM.exidx.text.arm_float_to_q31), (8 bytes).
    Removing supportfunctions.o(.text.arm_float_to_q7), (58 bytes).
    Removing supportfunctions.o(.ARM.exidx.text.arm_float_to_q7), (8 bytes).
    Removing supportfunctions.o(.text.arm_q15_to_float), (40 bytes).
    Removing supportfunctions.o(.ARM.exidx.text.arm_q15_to_float), (8 bytes).
    Removing supportfunctions.o(.text.arm_q15_to_q31), (20 bytes).
    Removing supportfunctions.o(.ARM.exidx.text.arm_q15_to_q31), (8 bytes).
    Removing supportfunctions.o(.text.arm_q15_to_q7), (20 bytes).
    Removing supportfunctions.o(.ARM.exidx.text.arm_q15_to_q7), (8 bytes).
    Removing supportfunctions.o(.text.arm_q31_to_float), (34 bytes).
    Removing supportfunctions.o(.ARM.exidx.text.arm_q31_to_float), (8 bytes).
    Removing supportfunctions.o(.text.arm_q31_to_q15), (20 bytes).
    Removing supportfunctions.o(.ARM.exidx.text.arm_q31_to_q15), (8 bytes).
    Removing supportfunctions.o(.text.arm_q31_to_q7), (20 bytes).
    Removing supportfunctions.o(.ARM.exidx.text.arm_q31_to_q7), (8 bytes).
    Removing supportfunctions.o(.text.arm_q7_to_float), (40 bytes).
    Removing supportfunctions.o(.ARM.exidx.text.arm_q7_to_float), (8 bytes).
    Removing supportfunctions.o(.text.arm_q7_to_q15), (22 bytes).
    Removing supportfunctions.o(.ARM.exidx.text.arm_q7_to_q15), (8 bytes).
    Removing supportfunctions.o(.text.arm_q7_to_q31), (20 bytes).
    Removing supportfunctions.o(.ARM.exidx.text.arm_q7_to_q31), (8 bytes).
    Removing supportfunctions.o(.text.topDownMerge), (108 bytes).
    Removing supportfunctions.o(.ARM.exidx.text.topDownMerge), (8 bytes).
    Removing supportfunctions.o(.text.arm_quick_sort_partition_f32), (182 bytes).
    Removing supportfunctions.o(.ARM.exidx.text.arm_quick_sort_partition_f32), (8 bytes).
    Removing transformfunctions.o(.text), (0 bytes).
    Removing transformfunctions.o(.text.arm_bitreversal_f32), (138 bytes).
    Removing transformfunctions.o(.ARM.exidx.text.arm_bitreversal_f32), (8 bytes).
    Removing transformfunctions.o(.text.arm_bitreversal_q31), (186 bytes).
    Removing transformfunctions.o(.ARM.exidx.text.arm_bitreversal_q31), (8 bytes).
    Removing transformfunctions.o(.text.arm_bitreversal_q15), (116 bytes).
    Removing transformfunctions.o(.ARM.exidx.text.arm_bitreversal_q15), (8 bytes).
    Removing transformfunctions.o(.text.arm_bitreversal_64), (128 bytes).
    Removing transformfunctions.o(.ARM.exidx.text.arm_bitreversal_64), (8 bytes).
    Removing transformfunctions.o(.text.arm_bitreversal_32), (50 bytes).
    Removing transformfunctions.o(.ARM.exidx.text.arm_bitreversal_32), (8 bytes).
    Removing transformfunctions.o(.text.arm_bitreversal_16), (54 bytes).
    Removing transformfunctions.o(.ARM.exidx.text.arm_bitreversal_16), (8 bytes).
    Removing transformfunctions.o(.text.arm_cfft_radix8by2_f32), (596 bytes).
    Removing transformfunctions.o(.ARM.exidx.text.arm_cfft_radix8by2_f32), (8 bytes).
    Removing transformfunctions.o(.text.arm_radix8_butterfly_f32), (2060 bytes).
    Removing transformfunctions.o(.ARM.exidx.text.arm_radix8_butterfly_f32), (8 bytes).
    Removing transformfunctions.o(.text.arm_cfft_radix8by4_f32), (1488 bytes).
    Removing transformfunctions.o(.ARM.exidx.text.arm_cfft_radix8by4_f32), (8 bytes).
    Removing transformfunctions.o(.text.arm_cfft_f32), (228 bytes).
    Removing transformfunctions.o(.ARM.exidx.text.arm_cfft_f32), (8 bytes).
    Removing transformfunctions.o(.text.arm_radix4_butterfly_f64), (894 bytes).
    Removing transformfunctions.o(.ARM.exidx.text.arm_radix4_butterfly_f64), (8 bytes).
    Removing transformfunctions.o(.text.arm_cfft_radix4by2_f64), (296 bytes).
    Removing transformfunctions.o(.ARM.exidx.text.arm_cfft_radix4by2_f64), (8 bytes).
    Removing transformfunctions.o(.text.arm_cfft_f64), (244 bytes).
    Removing transformfunctions.o(.ARM.exidx.text.arm_cfft_f64), (8 bytes).
    Removing transformfunctions.o(.text.arm_cfft_q15), (228 bytes).
    Removing transformfunctions.o(.ARM.exidx.text.arm_cfft_q15), (8 bytes).
    Removing transformfunctions.o(.text.arm_radix4_butterfly_inverse_q15), (1436 bytes).
    Removing transformfunctions.o(.ARM.exidx.text.arm_radix4_butterfly_inverse_q15), (8 bytes).
    Removing transformfunctions.o(.text.arm_cfft_radix4by2_inverse_q15), (212 bytes).
    Removing transformfunctions.o(.ARM.exidx.text.arm_cfft_radix4by2_inverse_q15), (8 bytes).
    Removing transformfunctions.o(.text.arm_radix4_butterfly_q15), (1436 bytes).
    Removing transformfunctions.o(.ARM.exidx.text.arm_radix4_butterfly_q15), (8 bytes).
    Removing transformfunctions.o(.text.arm_cfft_radix4by2_q15), (212 bytes).
    Removing transformfunctions.o(.ARM.exidx.text.arm_cfft_radix4by2_q15), (8 bytes).
    Removing transformfunctions.o(.text.arm_cfft_q31), (228 bytes).
    Removing transformfunctions.o(.ARM.exidx.text.arm_cfft_q31), (8 bytes).
    Removing transformfunctions.o(.text.arm_radix4_butterfly_inverse_q31), (1214 bytes).
    Removing transformfunctions.o(.ARM.exidx.text.arm_radix4_butterfly_inverse_q31), (8 bytes).
    Removing transformfunctions.o(.text.arm_cfft_radix4by2_inverse_q31), (276 bytes).
    Removing transformfunctions.o(.ARM.exidx.text.arm_cfft_radix4by2_inverse_q31), (8 bytes).
    Removing transformfunctions.o(.text.arm_radix4_butterfly_q31), (1214 bytes).
    Removing transformfunctions.o(.ARM.exidx.text.arm_radix4_butterfly_q31), (8 bytes).
    Removing transformfunctions.o(.text.arm_cfft_radix4by2_q31), (284 bytes).
    Removing transformfunctions.o(.ARM.exidx.text.arm_cfft_radix4by2_q31), (8 bytes).
    Removing transformfunctions.o(.text.arm_cfft_init_f32), (176 bytes).
    Removing transformfunctions.o(.ARM.exidx.text.arm_cfft_init_f32), (8 bytes).
    Removing transformfunctions.o(.text.arm_cfft_init_f64), (176 bytes).
    Removing transformfunctions.o(.ARM.exidx.text.arm_cfft_init_f64), (8 bytes).
    Removing transformfunctions.o(.text.arm_cfft_init_q15), (176 bytes).
    Removing transformfunctions.o(.ARM.exidx.text.arm_cfft_init_q15), (8 bytes).
    Removing transformfunctions.o(.text.arm_cfft_init_q31), (176 bytes).
    Removing transformfunctions.o(.ARM.exidx.text.arm_cfft_init_q31), (8 bytes).
    Removing transformfunctions.o(.text.arm_cfft_radix2_f32), (60 bytes).
    Removing transformfunctions.o(.ARM.exidx.text.arm_cfft_radix2_f32), (8 bytes).
    Removing transformfunctions.o(.text.arm_radix2_butterfly_inverse_f32), (398 bytes).
    Removing transformfunctions.o(.ARM.exidx.text.arm_radix2_butterfly_inverse_f32), (8 bytes).
    Removing transformfunctions.o(.text.arm_radix2_butterfly_f32), (246 bytes).
    Removing transformfunctions.o(.ARM.exidx.text.arm_radix2_butterfly_f32), (8 bytes).
    Removing transformfunctions.o(.text.arm_cfft_radix2_init_f32), (216 bytes).
    Removing transformfunctions.o(.ARM.exidx.text.arm_cfft_radix2_init_f32), (8 bytes).
    Removing transformfunctions.o(.text.arm_cfft_radix2_init_q15), (176 bytes).
    Removing transformfunctions.o(.ARM.exidx.text.arm_cfft_radix2_init_q15), (8 bytes).
    Removing transformfunctions.o(.text.arm_cfft_radix2_init_q31), (176 bytes).
    Removing transformfunctions.o(.ARM.exidx.text.arm_cfft_radix2_init_q31), (8 bytes).
    Removing transformfunctions.o(.text.arm_cfft_radix2_q15), (46 bytes).
    Removing transformfunctions.o(.ARM.exidx.text.arm_cfft_radix2_q15), (8 bytes).
    Removing transformfunctions.o(.text.arm_radix2_butterfly_inverse_q15), (458 bytes).
    Removing transformfunctions.o(.ARM.exidx.text.arm_radix2_butterfly_inverse_q15), (8 bytes).
    Removing transformfunctions.o(.text.arm_radix2_butterfly_q15), (490 bytes).
    Removing transformfunctions.o(.ARM.exidx.text.arm_radix2_butterfly_q15), (8 bytes).
    Removing transformfunctions.o(.text.arm_cfft_radix2_q31), (46 bytes).
    Removing transformfunctions.o(.ARM.exidx.text.arm_cfft_radix2_q31), (8 bytes).
    Removing transformfunctions.o(.text.arm_radix2_butterfly_inverse_q31), (626 bytes).
    Removing transformfunctions.o(.ARM.exidx.text.arm_radix2_butterfly_inverse_q31), (8 bytes).
    Removing transformfunctions.o(.text.arm_radix2_butterfly_q31), (618 bytes).
    Removing transformfunctions.o(.ARM.exidx.text.arm_radix2_butterfly_q31), (8 bytes).
    Removing transformfunctions.o(.text.arm_cfft_radix4_f32), (60 bytes).
    Removing transformfunctions.o(.ARM.exidx.text.arm_cfft_radix4_f32), (8 bytes).
    Removing transformfunctions.o(.text.arm_radix4_butterfly_inverse_f32), (942 bytes).
    Removing transformfunctions.o(.ARM.exidx.text.arm_radix4_butterfly_inverse_f32), (8 bytes).
    Removing transformfunctions.o(.text.arm_radix4_butterfly_f32), (596 bytes).
    Removing transformfunctions.o(.ARM.exidx.text.arm_radix4_butterfly_f32), (8 bytes).
    Removing transformfunctions.o(.text.arm_cfft_radix4_init_f32), (132 bytes).
    Removing transformfunctions.o(.ARM.exidx.text.arm_cfft_radix4_init_f32), (8 bytes).
    Removing transformfunctions.o(.text.arm_cfft_radix4_init_q15), (108 bytes).
    Removing transformfunctions.o(.ARM.exidx.text.arm_cfft_radix4_init_q15), (8 bytes).
    Removing transformfunctions.o(.text.arm_cfft_radix4_init_q31), (108 bytes).
    Removing transformfunctions.o(.ARM.exidx.text.arm_cfft_radix4_init_q31), (8 bytes).
    Removing transformfunctions.o(.text.arm_cfft_radix4_q15), (52 bytes).
    Removing transformfunctions.o(.ARM.exidx.text.arm_cfft_radix4_q15), (8 bytes).
    Removing transformfunctions.o(.text.arm_cfft_radix4_q31), (52 bytes).
    Removing transformfunctions.o(.ARM.exidx.text.arm_cfft_radix4_q31), (8 bytes).
    Removing transformfunctions.o(.text.arm_dct4_f32), (166 bytes).
    Removing transformfunctions.o(.ARM.exidx.text.arm_dct4_f32), (8 bytes).
    Removing transformfunctions.o(.text.arm_rfft_f32), (126 bytes).
    Removing transformfunctions.o(.ARM.exidx.text.arm_rfft_f32), (8 bytes).
    Removing transformfunctions.o(.text.arm_dct4_init_f32), (140 bytes).
    Removing transformfunctions.o(.ARM.exidx.text.arm_dct4_init_f32), (8 bytes).
    Removing transformfunctions.o(.text.arm_rfft_init_f32), (116 bytes).
    Removing transformfunctions.o(.ARM.exidx.text.arm_rfft_init_f32), (8 bytes).
    Removing transformfunctions.o(.text.arm_dct4_init_q15), (132 bytes).
    Removing transformfunctions.o(.ARM.exidx.text.arm_dct4_init_q15), (8 bytes).
    Removing transformfunctions.o(.text.arm_rfft_init_q15), (208 bytes).
    Removing transformfunctions.o(.ARM.exidx.text.arm_rfft_init_q15), (8 bytes).
    Removing transformfunctions.o(.text.arm_dct4_init_q31), (132 bytes).
    Removing transformfunctions.o(.ARM.exidx.text.arm_dct4_init_q31), (8 bytes).
    Removing transformfunctions.o(.text.arm_rfft_init_q31), (208 bytes).
    Removing transformfunctions.o(.ARM.exidx.text.arm_rfft_init_q31), (8 bytes).
    Removing transformfunctions.o(.text.arm_dct4_q15), (176 bytes).
    Removing transformfunctions.o(.ARM.exidx.text.arm_dct4_q15), (8 bytes).
    Removing transformfunctions.o(.text.arm_rfft_q15), (112 bytes).
    Removing transformfunctions.o(.ARM.exidx.text.arm_rfft_q15), (8 bytes).
    Removing transformfunctions.o(.text.arm_dct4_q31), (172 bytes).
    Removing transformfunctions.o(.ARM.exidx.text.arm_dct4_q31), (8 bytes).
    Removing transformfunctions.o(.text.arm_rfft_q31), (110 bytes).
    Removing transformfunctions.o(.ARM.exidx.text.arm_rfft_q31), (8 bytes).
    Removing transformfunctions.o(.text.arm_split_rifft_f32), (218 bytes).
    Removing transformfunctions.o(.ARM.exidx.text.arm_split_rifft_f32), (8 bytes).
    Removing transformfunctions.o(.text.arm_split_rfft_f32), (310 bytes).
    Removing transformfunctions.o(.ARM.exidx.text.arm_split_rfft_f32), (8 bytes).
    Removing transformfunctions.o(.text.stage_rfft_f32), (276 bytes).
    Removing transformfunctions.o(.ARM.exidx.text.stage_rfft_f32), (8 bytes).
    Removing transformfunctions.o(.text.merge_rfft_f32), (270 bytes).
    Removing transformfunctions.o(.ARM.exidx.text.merge_rfft_f32), (8 bytes).
    Removing transformfunctions.o(.text.arm_rfft_fast_f32), (68 bytes).
    Removing transformfunctions.o(.ARM.exidx.text.arm_rfft_fast_f32), (8 bytes).
    Removing transformfunctions.o(.text.stage_rfft_f64), (376 bytes).
    Removing transformfunctions.o(.ARM.exidx.text.stage_rfft_f64), (8 bytes).
    Removing transformfunctions.o(.text.merge_rfft_f64), (372 bytes).
    Removing transformfunctions.o(.ARM.exidx.text.merge_rfft_f64), (8 bytes).
    Removing transformfunctions.o(.text.arm_rfft_fast_f64), (74 bytes).
    Removing transformfunctions.o(.ARM.exidx.text.arm_rfft_fast_f64), (8 bytes).
    Removing transformfunctions.o(.text.arm_rfft_fast_init_f32), (148 bytes).
    Removing transformfunctions.o(.ARM.exidx.text.arm_rfft_fast_init_f32), (8 bytes).
    Removing transformfunctions.o(.text.arm_rfft_4096_fast_init_f32), (48 bytes).
    Removing transformfunctions.o(.ARM.exidx.text.arm_rfft_4096_fast_init_f32), (8 bytes).
    Removing transformfunctions.o(.text.arm_rfft_2048_fast_init_f32), (48 bytes).
    Removing transformfunctions.o(.ARM.exidx.text.arm_rfft_2048_fast_init_f32), (8 bytes).
    Removing transformfunctions.o(.text.arm_rfft_1024_fast_init_f32), (48 bytes).
    Removing transformfunctions.o(.ARM.exidx.text.arm_rfft_1024_fast_init_f32), (8 bytes).
    Removing transformfunctions.o(.text.arm_rfft_512_fast_init_f32), (48 bytes).
    Removing transformfunctions.o(.ARM.exidx.text.arm_rfft_512_fast_init_f32), (8 bytes).
    Removing transformfunctions.o(.text.arm_rfft_256_fast_init_f32), (48 bytes).
    Removing transformfunctions.o(.ARM.exidx.text.arm_rfft_256_fast_init_f32), (8 bytes).
    Removing transformfunctions.o(.text.arm_rfft_128_fast_init_f32), (48 bytes).
    Removing transformfunctions.o(.ARM.exidx.text.arm_rfft_128_fast_init_f32), (8 bytes).
    Removing transformfunctions.o(.text.arm_rfft_64_fast_init_f32), (48 bytes).
    Removing transformfunctions.o(.ARM.exidx.text.arm_rfft_64_fast_init_f32), (8 bytes).
    Removing transformfunctions.o(.text.arm_rfft_32_fast_init_f32), (48 bytes).
    Removing transformfunctions.o(.ARM.exidx.text.arm_rfft_32_fast_init_f32), (8 bytes).
    Removing transformfunctions.o(.text.arm_rfft_fast_init_f64), (148 bytes).
    Removing transformfunctions.o(.ARM.exidx.text.arm_rfft_fast_init_f64), (8 bytes).
    Removing transformfunctions.o(.text.arm_rfft_4096_fast_init_f64), (56 bytes).
    Removing transformfunctions.o(.ARM.exidx.text.arm_rfft_4096_fast_init_f64), (8 bytes).
    Removing transformfunctions.o(.text.arm_rfft_2048_fast_init_f64), (56 bytes).
    Removing transformfunctions.o(.ARM.exidx.text.arm_rfft_2048_fast_init_f64), (8 bytes).
    Removing transformfunctions.o(.text.arm_rfft_1024_fast_init_f64), (56 bytes).
    Removing transformfunctions.o(.ARM.exidx.text.arm_rfft_1024_fast_init_f64), (8 bytes).
    Removing transformfunctions.o(.text.arm_rfft_512_fast_init_f64), (56 bytes).
    Removing transformfunctions.o(.ARM.exidx.text.arm_rfft_512_fast_init_f64), (8 bytes).
    Removing transformfunctions.o(.text.arm_rfft_256_fast_init_f64), (56 bytes).
    Removing transformfunctions.o(.ARM.exidx.text.arm_rfft_256_fast_init_f64), (8 bytes).
    Removing transformfunctions.o(.text.arm_rfft_128_fast_init_f64), (52 bytes).
    Removing transformfunctions.o(.ARM.exidx.text.arm_rfft_128_fast_init_f64), (8 bytes).
    Removing transformfunctions.o(.text.arm_rfft_64_fast_init_f64), (52 bytes).
    Removing transformfunctions.o(.ARM.exidx.text.arm_rfft_64_fast_init_f64), (8 bytes).
    Removing transformfunctions.o(.text.arm_rfft_32_fast_init_f64), (52 bytes).
    Removing transformfunctions.o(.ARM.exidx.text.arm_rfft_32_fast_init_f64), (8 bytes).
    Removing transformfunctions.o(.text.arm_split_rifft_q15), (162 bytes).
    Removing transformfunctions.o(.ARM.exidx.text.arm_split_rifft_q15), (8 bytes).
    Removing transformfunctions.o(.text.arm_split_rfft_q15), (246 bytes).
    Removing transformfunctions.o(.ARM.exidx.text.arm_split_rfft_q15), (8 bytes).
    Removing transformfunctions.o(.text.arm_split_rifft_q31), (316 bytes).
    Removing transformfunctions.o(.ARM.exidx.text.arm_split_rifft_q31), (8 bytes).
    Removing transformfunctions.o(.text.arm_split_rfft_q31), (408 bytes).
    Removing transformfunctions.o(.ARM.exidx.text.arm_split_rfft_q31), (8 bytes).
    Removing startup_armcm0.o(.text), (0 bytes).
    Removing startup_armcm0.o(.ARM.exidx.text.Default_Handler), (8 bytes).
    Removing startup_armcm0.o(.ARM.exidx.text.Reset_Handler), (8 bytes).
    Removing startup_armcm0.o(.ARM.exidx.text.HardFault_Handler), (8 bytes).
    Removing system_armcm0.o(.text), (0 bytes).
    Removing system_armcm0.o(.text.SystemCoreClockUpdate), (16 bytes).
    Removing system_armcm0.o(.ARM.exidx.text.SystemCoreClockUpdate), (8 bytes).
    Removing system_armcm0.o(.ARM.exidx.text.SystemInit), (8 bytes).

1009 unused section(s) (total 996916 bytes) removed from the image.

==============================================================================

Image Symbol Table

    Local Symbols

    Symbol Name                              Value     Ov Type        Size  Object(Section)

    ../clib/angel/boardlib.s                 0x00000000   Number         0  boardinit1.o ABSOLUTE
    ../clib/angel/boardlib.s                 0x00000000   Number         0  boardinit2.o ABSOLUTE
    ../clib/angel/boardlib.s                 0x00000000   Number         0  boardinit3.o ABSOLUTE
    ../clib/angel/boardlib.s                 0x00000000   Number         0  boardshut.o ABSOLUTE
    ../clib/angel/handlers.s                 0x00000000   Number         0  __scatter_copy.o ABSOLUTE
    ../clib/angel/handlers.s                 0x00000000   Number         0  __scatter_zi.o ABSOLUTE
    ../clib/angel/kernel.s                   0x00000000   Number         0  __rtentry.o ABSOLUTE
    ../clib/angel/kernel.s                   0x00000000   Number         0  __rtentry2.o ABSOLUTE
    ../clib/angel/kernel.s                   0x00000000   Number         0  __rtentry4.o ABSOLUTE
    ../clib/angel/kernel.s                   0x00000000   Number         0  __rtentry7.o ABSOLUTE
    ../clib/angel/kernel.s                   0x00000000   Number         0  rtexit.o ABSOLUTE
    ../clib/angel/kernel.s                   0x00000000   Number         0  rtexit2.o ABSOLUTE
    ../clib/angel/rt.s                       0x00000000   Number         0  aeabi_idiv0.o ABSOLUTE
    ../clib/angel/rt.s                       0x00000000   Number         0  aeabi_idiv0_sigfpe.o ABSOLUTE
    ../clib/angel/rt.s                       0x00000000   Number         0  aeabi_ldiv0.o ABSOLUTE
    ../clib/angel/rt.s                       0x00000000   Number         0  aeabi_ldiv0_sigfpe.o ABSOLUTE
    ../clib/angel/rt.s                       0x00000000   Number         0  rt_div0.o ABSOLUTE
    ../clib/angel/rt.s                       0x00000000   Number         0  rt_errno_addr.o ABSOLUTE
    ../clib/angel/rt.s                       0x00000000   Number         0  rt_errno_addr_intlibspace.o ABSOLUTE
    ../clib/angel/rt.s                       0x00000000   Number         0  rt_raise.o ABSOLUTE
    ../clib/angel/scatterp.s                 0x00000000   Number         0  __scatter.o ABSOLUTE
    ../clib/angel/startup.s                  0x00000000   Number         0  __main.o ABSOLUTE
    ../clib/angel/sys.s                      0x00000000   Number         0  libspace.o ABSOLUTE
    ../clib/angel/sys.s                      0x00000000   Number         0  sys_stackheap_outer.o ABSOLUTE
    ../clib/angel/sys.s                      0x00000000   Number         0  sys_stackheap.o ABSOLUTE
    ../clib/angel/sys.s                      0x00000000   Number         0  tempstk.o ABSOLUTE
    ../clib/angel/sys.s                      0x00000000   Number         0  sys_stackheap_hlt.o ABSOLUTE
    ../clib/angel/sys.s                      0x00000000   Number         0  use_no_semi.o ABSOLUTE
    ../clib/angel/sys.s                      0x00000000   Number         0  indicate_semi.o ABSOLUTE
    ../clib/angel/sysapp.c                   0x00000000   Number         0  sys_exit.o ABSOLUTE
    ../clib/angel/sysapp.c                   0x00000000   Number         0  sys_exit_hlt.o ABSOLUTE
    ../clib/angel/sysapp.c                   0x00000000   Number         0  sys_wrch.o ABSOLUTE
    ../clib/angel/sysapp.c                   0x00000000   Number         0  sys_wrch_hlt.o ABSOLUTE
    ../clib/angel/sysapp.c                   0x00000000   Number         0  sys_command.o ABSOLUTE
    ../clib/angel/sysapp.c                   0x00000000   Number         0  sys_command_hlt.o ABSOLUTE
    ../clib/armsys.c                         0x00000000   Number         0  argv_veneer.o ABSOLUTE
    ../clib/armsys.c                         0x00000000   Number         0  _get_argv_nomalloc.o ABSOLUTE
    ../clib/armsys.c                         0x00000000   Number         0  no_argv.o ABSOLUTE
    ../clib/division.c                       0x00000000   Number         0  llsdiv.o ABSOLUTE
    ../clib/division.c                       0x00000000   Number         0  lludiv.o ABSOLUTE
    ../clib/division.s                       0x00000000   Number         0  aeabi_sdivfast.o ABSOLUTE
    ../clib/division.s                       0x00000000   Number         0  aeabi_sdivfast_div0.o ABSOLUTE
    ../clib/fenv.c                           0x00000000   Number         0  _rserrno.o ABSOLUTE
    ../clib/heapalloc.c                      0x00000000   Number         0  hrguard.o ABSOLUTE
    ../clib/libinit.s                        0x00000000   Number         0  libinit.o ABSOLUTE
    ../clib/libinit.s                        0x00000000   Number         0  libinit2.o ABSOLUTE
    ../clib/libinit.s                        0x00000000   Number         0  libinit5.o ABSOLUTE
    ../clib/libinit.s                        0x00000000   Number         0  libshutdown.o ABSOLUTE
    ../clib/libinit.s                        0x00000000   Number         0  libshutdown2.o ABSOLUTE
    ../clib/longlong.c                       0x00000000   Number         0  llshl.o ABSOLUTE
    ../clib/longlong.c                       0x00000000   Number         0  llsshr.o ABSOLUTE
    ../clib/longlong.c                       0x00000000   Number         0  llmul.o ABSOLUTE
    ../clib/memcpset.c                       0x00000000   Number         0  rt_memcpy.o ABSOLUTE
    ../clib/memcpset.c                       0x00000000   Number         0  rt_memcpy.o ABSOLUTE
    ../clib/memcpset.c                       0x00000000   Number         0  aeabi_memset.o ABSOLUTE
    ../clib/memcpset.c                       0x00000000   Number         0  rt_memclr.o ABSOLUTE
    ../clib/signal.c                         0x00000000   Number         0  defsig_fpe_outer.o ABSOLUTE
    ../clib/signal.c                         0x00000000   Number         0  defsig_fpe_formal.o ABSOLUTE
    ../clib/signal.c                         0x00000000   Number         0  defsig_exit.o ABSOLUTE
    ../clib/signal.c                         0x00000000   Number         0  defsig_fpe_inner.o ABSOLUTE
    ../clib/signal.c                         0x00000000   Number         0  __raise.o ABSOLUTE
    ../clib/signal.c                         0x00000000   Number         0  defsig_general.o ABSOLUTE
    ../clib/signal.c                         0x00000000   Number         0  defsig_abrt_inner.o ABSOLUTE
    ../clib/signal.c                         0x00000000   Number         0  defsig_rtred_inner.o ABSOLUTE
    ../clib/signal.c                         0x00000000   Number         0  defsig_rtmem_inner.o ABSOLUTE
    ../clib/signal.c                         0x00000000   Number         0  defsig_rtmem_outer.o ABSOLUTE
    ../clib/signal.c                         0x00000000   Number         0  defsig_rtmem_formal.o ABSOLUTE
    ../clib/signal.c                         0x00000000   Number         0  defsig_stak_inner.o ABSOLUTE
    ../clib/signal.c                         0x00000000   Number         0  defsig_pvfn_inner.o ABSOLUTE
    ../clib/signal.c                         0x00000000   Number         0  defsig_cppl_inner.o ABSOLUTE
    ../clib/signal.c                         0x00000000   Number         0  defsig_segv_inner.o ABSOLUTE
    ../clib/signal.c                         0x00000000   Number         0  defsig_other.o ABSOLUTE
    ../clib/signal.s                         0x00000000   Number         0  defsig.o ABSOLUTE
    ../clib/stdlib.c                         0x00000000   Number         0  exit.o ABSOLUTE
    ../fplib/cfplib/cmp.c                    0x00000000   Number         0  dcmp.o ABSOLUTE
    ../fplib/cfplib/cmp.c                    0x00000000   Number         0  fcmp.o ABSOLUTE
    ../fplib/cfplib/cmpret.c                 0x00000000   Number         0  cmpret.o ABSOLUTE
    ../fplib/cfplib/d2f.c                    0x00000000   Number         0  d2f.o ABSOLUTE
    ../fplib/cfplib/daddsub.c                0x00000000   Number         0  daddsub.o ABSOLUTE
    ../fplib/cfplib/dcmpin.c                 0x00000000   Number         0  dcmpin.o ABSOLUTE
    ../fplib/cfplib/ddiv.c                   0x00000000   Number         0  ddiv.o ABSOLUTE
    ../fplib/cfplib/dmul.c                   0x00000000   Number         0  dmul.o ABSOLUTE
    ../fplib/cfplib/f2d.c                    0x00000000   Number         0  f2d.o ABSOLUTE
    ../fplib/cfplib/fcmpin.c                 0x00000000   Number         0  fcmpin.o ABSOLUTE
    ../fplib/cfplib/fdiv.c                   0x00000000   Number         0  fdiv.o ABSOLUTE
    ../fplib/cfplib/ffix.c                   0x00000000   Number         0  ffixi.o ABSOLUTE
    ../fplib/cfplib/ffix.c                   0x00000000   Number         0  ffixl.o ABSOLUTE
    ../fplib/cfplib/ffix.c                   0x00000000   Number         0  ffixir.o ABSOLUTE
    ../fplib/cfplib/fflt.c                   0x00000000   Number         0  dflti.o ABSOLUTE
    ../fplib/cfplib/fflt.c                   0x00000000   Number         0  fflti.o ABSOLUTE
    ../fplib/cfplib/fpinit.c                 0x00000000   Number         0  fpinit.o ABSOLUTE
    ../fplib/cfplib/frnd.c                   0x00000000   Number         0  frnd.o ABSOLUTE
    ../fplib/cfplib/fsqrt.c                  0x00000000   Number         0  fsqrt.o ABSOLUTE
    ../fplib/cfplib/ieee_status.c            0x00000000   Number         0  ieee_status.o ABSOLUTE
    ../fplib/cfplib/nan2.c                   0x00000000   Number         0  dnan2.o ABSOLUTE
    ../fplib/cfplib/nan2.c                   0x00000000   Number         0  fnan2.o ABSOLUTE
    ../fplib/cfplib/retnan.c                 0x00000000   Number         0  retnan.o ABSOLUTE
    ../fplib/cfplib/scalbn.c                 0x00000000   Number         0  dscalbn.o ABSOLUTE
    ../fplib/cfplib/scalbn.c                 0x00000000   Number         0  fscalbn.o ABSOLUTE
    ../fplib/deqf6m.s                        0x00000000   Number         0  deqf.o ABSOLUTE
    ../fplib/dgeqf6m.s                       0x00000000   Number         0  dgef.o ABSOLUTE
    ../fplib/dleqf6m.s                       0x00000000   Number         0  dlef.o ABSOLUTE
    ../fplib/faddsub6m.s                     0x00000000   Number         0  faddsub.o ABSOLUTE
    ../fplib/feqf6m.s                        0x00000000   Number         0  feqf.o ABSOLUTE
    ../fplib/fgeqf6m.s                       0x00000000   Number         0  fgef.o ABSOLUTE
    ../fplib/fleqf6m.s                       0x00000000   Number         0  flef.o ABSOLUTE
    ../fplib/fmul6m.s                        0x00000000   Number         0  fmul.o ABSOLUTE
    ../fplib/usenofp.s                       0x00000000   Number         0  usenofp.o ABSOLUTE
    ../mathlib/dunder.c                      0x00000000   Number         0  dunder.o ABSOLUTE
    ../mathlib/expf.c                        0x00000000   Number         0  expf.o ABSOLUTE
    ../mathlib/expf.c                        0x00000000   Number         0  expf_x.o ABSOLUTE
    ../mathlib/fpclassifyf.c                 0x00000000   Number         0  fpclassifyf.o ABSOLUTE
    ../mathlib/funder.c                      0x00000000   Number         0  funder.o ABSOLUTE
    ../mathlib/log.c                         0x00000000   Number         0  log.o ABSOLUTE
    ../mathlib/log.c                         0x00000000   Number         0  log_x.o ABSOLUTE
    ../mathlib/logf.c                        0x00000000   Number         0  logf.o ABSOLUTE
    ../mathlib/logf.c                        0x00000000   Number         0  logf_x.o ABSOLUTE
    ../mathlib/poly.c                        0x00000000   Number         0  poly.o ABSOLUTE
    ../mathlib/powf.c                        0x00000000   Number         0  powf.o ABSOLUTE
    ../mathlib/powf.c                        0x00000000   Number         0  powf_x.o ABSOLUTE
    ../mathlib/qnan.c                        0x00000000   Number         0  qnan.o ABSOLUTE
    ../mathlib/sqrtf.c                       0x00000000   Number         0  sqrtf.o ABSOLUTE
    ../mathlib/sqrtf.c                       0x00000000   Number         0  sqrtf_x.o ABSOLUTE
    ../mathlib/tanhf.c                       0x00000000   Number         0  tanhf.o ABSOLUTE
    ../mathlib/tanhf.c                       0x00000000   Number         0  tanhf_x.o ABSOLUTE
    BasicMathFunctions.c                     0x00000000   Number         0  basicmathfunctions.o ABSOLUTE
    BayesFunctions.c                         0x00000000   Number         0  bayesfunctions.o ABSOLUTE
    CommonTables.c                           0x00000000   Number         0  commontables.o ABSOLUTE
    ComplexMathFunctions.c                   0x00000000   Number         0  complexmathfunctions.o ABSOLUTE
    ControllerFunctions.c                    0x00000000   Number         0  controllerfunctions.o ABSOLUTE
    DistanceFunctions.c                      0x00000000   Number         0  distancefunctions.o ABSOLUTE
    FastMathFunctions.c                      0x00000000   Number         0  fastmathfunctions.o ABSOLUTE
    FilteringFunctions.c                     0x00000000   Number         0  filteringfunctions.o ABSOLUTE
    MatrixFunctions.c                        0x00000000   Number         0  matrixfunctions.o ABSOLUTE
    SVMFunctions.c                           0x00000000   Number         0  svmfunctions.o ABSOLUTE
    StatisticsFunctions.c                    0x00000000   Number         0  statisticsfunctions.o ABSOLUTE
    SupportFunctions.c                       0x00000000   Number         0  supportfunctions.o ABSOLUTE
    TransformFunctions.c                     0x00000000   Number         0  transformfunctions.o ABSOLUTE
    __tagsym$$used.0                         0x00000000   Number         0  startup_armcm0.o(RESET)
    arm_bayes_example_f32.c                  0x00000000   Number         0  arm_bayes_example_f32.o ABSOLUTE
    dc.s                                     0x00000000   Number         0  dc.o ABSOLUTE
    startup_ARMCM0.c                         0x00000000   Number         0  startup_armcm0.o ABSOLUTE
    system_ARMCM0.c                          0x00000000   Number         0  system_armcm0.o ABSOLUTE
    !!!main                                  0x000000c0   Section        8  __main.o(!!!main)
    !!!scatter                               0x000000c8   Section       60  __scatter.o(!!!scatter)
    !!handler_copy                           0x00000104   Section       26  __scatter_copy.o(!!handler_copy)
    !!handler_zi                             0x00000120   Section       28  __scatter_zi.o(!!handler_zi)
    .ARM.Collect$$libinit$$00000000          0x0000013c   Section        2  libinit.o(.ARM.Collect$$libinit$$00000000)
    .ARM.Collect$$libinit$$00000002          0x0000013e   Section        0  libinit2.o(.ARM.Collect$$libinit$$00000002)
    .ARM.Collect$$libinit$$00000004          0x0000013e   Section        0  libinit2.o(.ARM.Collect$$libinit$$00000004)
    .ARM.Collect$$libinit$$0000000A          0x0000013e   Section        0  libinit2.o(.ARM.Collect$$libinit$$0000000A)
    .ARM.Collect$$libinit$$0000000C          0x0000013e   Section        0  libinit2.o(.ARM.Collect$$libinit$$0000000C)
    .ARM.Collect$$libinit$$0000000E          0x0000013e   Section        0  libinit2.o(.ARM.Collect$$libinit$$0000000E)
    .ARM.Collect$$libinit$$00000011          0x0000013e   Section        0  libinit2.o(.ARM.Collect$$libinit$$00000011)
    .ARM.Collect$$libinit$$00000013          0x0000013e   Section        0  libinit2.o(.ARM.Collect$$libinit$$00000013)
    .ARM.Collect$$libinit$$00000015          0x0000013e   Section        0  libinit2.o(.ARM.Collect$$libinit$$00000015)
    .ARM.Collect$$libinit$$00000017          0x0000013e   Section        0  libinit2.o(.ARM.Collect$$libinit$$00000017)
    .ARM.Collect$$libinit$$00000019          0x0000013e   Section        0  libinit2.o(.ARM.Collect$$libinit$$00000019)
    .ARM.Collect$$libinit$$0000001B          0x0000013e   Section        0  libinit2.o(.ARM.Collect$$libinit$$0000001B)
    .ARM.Collect$$libinit$$0000001D          0x0000013e   Section        0  libinit2.o(.ARM.Collect$$libinit$$0000001D)
    .ARM.Collect$$libinit$$0000001F          0x0000013e   Section        0  libinit2.o(.ARM.Collect$$libinit$$0000001F)
    .ARM.Collect$$libinit$$00000021          0x0000013e   Section        0  libinit2.o(.ARM.Collect$$libinit$$00000021)
    .ARM.Collect$$libinit$$00000023          0x0000013e   Section        0  libinit2.o(.ARM.Collect$$libinit$$00000023)
    .ARM.Collect$$libinit$$00000025          0x0000013e   Section        0  libinit2.o(.ARM.Collect$$libinit$$00000025)
    .ARM.Collect$$libinit$$0000002C          0x0000013e   Section        0  libinit2.o(.ARM.Collect$$libinit$$0000002C)
    .ARM.Collect$$libinit$$0000002E          0x0000013e   Section        0  libinit2.o(.ARM.Collect$$libinit$$0000002E)
    .ARM.Collect$$libinit$$00000030          0x0000013e   Section        0  libinit2.o(.ARM.Collect$$libinit$$00000030)
    .ARM.Collect$$libinit$$00000032          0x0000013e   Section        0  libinit2.o(.ARM.Collect$$libinit$$00000032)
    .ARM.Collect$$libinit$$00000033          0x0000013e   Section        2  libinit2.o(.ARM.Collect$$libinit$$00000033)
    .ARM.Collect$$libshutdown$$00000000      0x00000140   Section        2  libshutdown.o(.ARM.Collect$$libshutdown$$00000000)
    .ARM.Collect$$libshutdown$$00000002      0x00000142   Section        0  libshutdown2.o(.ARM.Collect$$libshutdown$$00000002)
    .ARM.Collect$$libshutdown$$00000004      0x00000142   Section        0  libshutdown2.o(.ARM.Collect$$libshutdown$$00000004)
    .ARM.Collect$$libshutdown$$00000007      0x00000142   Section        0  libshutdown2.o(.ARM.Collect$$libshutdown$$00000007)
    .ARM.Collect$$libshutdown$$0000000A      0x00000142   Section        0  libshutdown2.o(.ARM.Collect$$libshutdown$$0000000A)
    .ARM.Collect$$libshutdown$$0000000C      0x00000142   Section        0  libshutdown2.o(.ARM.Collect$$libshutdown$$0000000C)
    .ARM.Collect$$libshutdown$$0000000F      0x00000142   Section        0  libshutdown2.o(.ARM.Collect$$libshutdown$$0000000F)
    .ARM.Collect$$libshutdown$$00000010      0x00000142   Section        2  libshutdown2.o(.ARM.Collect$$libshutdown$$00000010)
    .ARM.Collect$$rtentry$$00000000          0x00000144   Section        0  __rtentry.o(.ARM.Collect$$rtentry$$00000000)
    .ARM.Collect$$rtentry$$00000002          0x00000144   Section        0  __rtentry2.o(.ARM.Collect$$rtentry$$00000002)
    .ARM.Collect$$rtentry$$00000007          0x00000144   Section        4  __rtentry7.o(.ARM.Collect$$rtentry$$00000007)
    .ARM.Collect$$rtentry$$00000009          0x00000148   Section        0  __rtentry2.o(.ARM.Collect$$rtentry$$00000009)
    .ARM.Collect$$rtentry$$0000000A          0x00000148   Section        4  __rtentry2.o(.ARM.Collect$$rtentry$$0000000A)
    .ARM.Collect$$rtentry$$0000000C          0x0000014c   Section        0  __rtentry2.o(.ARM.Collect$$rtentry$$0000000C)
    .ARM.Collect$$rtentry$$0000000D          0x0000014c   Section        8  __rtentry2.o(.ARM.Collect$$rtentry$$0000000D)
    __lit__00000000                          0x00000154   Data           4  __rtentry7.o(.ARM.Collect$$rtentry$$00002718)
    .ARM.Collect$$rtentry$$00002718          0x00000154   Section        4  __rtentry7.o(.ARM.Collect$$rtentry$$00002718)
    .ARM.Collect$$rtexit$$00000000           0x00000158   Section        2  rtexit.o(.ARM.Collect$$rtexit$$00000000)
    .ARM.Collect$$rtexit$$00000002           0x0000015a   Section        0  rtexit2.o(.ARM.Collect$$rtexit$$00000002)
    .ARM.Collect$$rtexit$$00000003           0x0000015a   Section        4  rtexit2.o(.ARM.Collect$$rtexit$$00000003)
    .ARM.Collect$$rtexit$$00000004           0x0000015e   Section        6  rtexit2.o(.ARM.Collect$$rtexit$$00000004)
    .text                                    0x00000164   Section        0  fdiv.o(.text)
    .text                                    0x000002c4   Section        0  fflti.o(.text)
    .text                                    0x00000322   Section        0  _rserrno.o(.text)
    .text                                    0x00000338   Section        0  fscalbn.o(.text)
    .text                                    0x0000037c   Section        8  rt_errno_addr_intlibspace.o(.text)
    .text                                    0x00000384   Section        0  fcmpin.o(.text)
    .text                                    0x000003e8   Section        0  exit.o(.text)
    .text                                    0x000003f8   Section        0  cmpret.o(.text)
    .text                                    0x00000428   Section        0  fnan2.o(.text)
    .text                                    0x00000438   Section        0  retnan.o(.text)
    .text                                    0x00000498   Section        0  sys_exit.o(.text)
    .text                                    0x000004a4   Section        2  use_no_semi.o(.text)
    [Anonymous Symbol]                       0x000004a6   Section        0  startup_armcm0.o(.text.Default_Handler)
    .text                                    0x000004a6   Section        0  indicate_semi.o(.text)
    [Anonymous Symbol]                       0x000004a8   Section        0  startup_armcm0.o(.text.HardFault_Handler)
    [Anonymous Symbol]                       0x000004aa   Section        0  startup_armcm0.o(.text.Reset_Handler)
    [Anonymous Symbol]                       0x000004b4   Section        0  system_armcm0.o(.text.SystemInit)
    __arm_cp.1_0                             0x000004bc   Number         4  system_armcm0.o(.text.SystemInit)
    __arm_cp.1_1                             0x000004c0   Number         4  system_armcm0.o(.text.SystemInit)
    [Anonymous Symbol]                       0x000004c4   Section        0  bayesfunctions.o(.text.arm_gaussian_naive_bayes_predict_f32)
    __arm_cp.0_0                             0x0000059c   Number         4  bayesfunctions.o(.text.arm_gaussian_naive_bayes_predict_f32)
    [Anonymous Symbol]                       0x000005a0   Section        0  statisticsfunctions.o(.text.arm_max_f32)
    [Anonymous Symbol]                       0x00000600   Section        0  arm_bayes_example_f32.o(.text.main)
    __arm_cp.0_0                             0x0000062c   Number         4  arm_bayes_example_f32.o(.text.main)
    __arm_cp.0_1                             0x00000630   Number         4  arm_bayes_example_f32.o(.text.main)
    __arm_cp.0_2                             0x00000634   Number         4  arm_bayes_example_f32.o(.text.main)
    __arm_cp.0_3                             0x00000638   Number         4  arm_bayes_example_f32.o(.text.main)
    __arm_cp.0_4                             0x0000063c   Number         4  arm_bayes_example_f32.o(.text.main)
    __arm_cp.0_5                             0x00000640   Number         4  arm_bayes_example_f32.o(.text.main)
    __arm_cp.0_6                             0x00000644   Number         4  arm_bayes_example_f32.o(.text.main)
    i.__mathlib_flt_divzero                  0x00000648   Section        0  funder.o(i.__mathlib_flt_divzero)
    i.__mathlib_flt_infnan                   0x00000656   Section        0  funder.o(i.__mathlib_flt_infnan)
    i.__mathlib_flt_invalid                  0x00000660   Section        0  funder.o(i.__mathlib_flt_invalid)
    i._fls                                   0x0000066c   Section        0  fcmp.o(i._fls)
    i.logf                                   0x00000684   Section        0  logf.o(i.logf)
    x$fpl$fadd                               0x00000800   Section      140  faddsub.o(x$fpl$fadd)
    _fadd1                                   0x0000080d   Thumb Code     0  faddsub.o(x$fpl$fadd)
    x$fpl$fleqf                              0x0000088c   Section       84  flef.o(x$fpl$fleqf)
    x$fpl$fmul                               0x000008e0   Section      176  fmul.o(x$fpl$fmul)
    x$fpl$fsub                               0x00000990   Section      208  faddsub.o(x$fpl$fsub)
    _fsub1                                   0x0000099d   Thumb Code     0  faddsub.o(x$fpl$fsub)
    fdiv_tab                                 0x00000a60   Data          64  fdiv.o(.constdata)
    .constdata                               0x00000a60   Section       64  fdiv.o(.constdata)
    x$fpl$usenofp                            0x00000a60   Section        0  usenofp.o(x$fpl$usenofp)
    logahi                                   0x00000aa0   Data          32  logf.o(.constdata)
    .constdata                               0x00000aa0   Section       64  logf.o(.constdata)
    logalo                                   0x00000ac0   Data          32  logf.o(.constdata)
    .bss                                     0x20000004   Section       96  libspace.o(.bss)

    Global Symbols

    Symbol Name                              Value     Ov Type        Size  Object(Section)

    BuildAttributes$$THM_ISAv3M$S$PE$A:L22$X:L11$S22$IEEE1$IW$USESV6$~STKCKD$USESV7$~SHL$OTIME$ROPI$IEEEX$UX$STANDARDLIB$REQ8$PRES8$EABIv2 0x00000000   Number         0  anon$$obj.o ABSOLUTE
    __Vectors                                0x00000000   Data         192  startup_armcm0.o(RESET)
    Image$$ZI$$Limit                          - Undefined Weak Reference
    __ARM_exceptions_init                     - Undefined Weak Reference
    __alloca_initialize                       - Undefined Weak Reference
    __arm_preinit_                            - Undefined Weak Reference
    __cpp_initialize__aeabi_                  - Undefined Weak Reference
    __cxa_finalize                            - Undefined Weak Reference
    __rt_locale                               - Undefined Weak Reference
    __sigvec_lookup                           - Undefined Weak Reference
    _atexit_init                              - Undefined Weak Reference
    _call_atexit_fns                          - Undefined Weak Reference
    _clock_init                               - Undefined Weak Reference
    _fp_trap_init                             - Undefined Weak Reference
    _fp_trap_shutdown                         - Undefined Weak Reference
    _get_lc_collate                           - Undefined Weak Reference
    _get_lc_ctype                             - Undefined Weak Reference
    _get_lc_monetary                          - Undefined Weak Reference
    _get_lc_numeric                           - Undefined Weak Reference
    _get_lc_time                              - Undefined Weak Reference
    _getenv_init                              - Undefined Weak Reference
    _handle_redirection                       - Undefined Weak Reference
    _init_alloc                               - Undefined Weak Reference
    _init_user_alloc                          - Undefined Weak Reference
    _initio                                   - Undefined Weak Reference
    _rand_init                                - Undefined Weak Reference
    _signal_finish                            - Undefined Weak Reference
    _signal_init                              - Undefined Weak Reference
    _terminate_alloc                          - Undefined Weak Reference
    _terminate_user_alloc                     - Undefined Weak Reference
    _terminateio                              - Undefined Weak Reference
    __main                                   0x000000c1   Thumb Code     8  __main.o(!!!main)
    __scatterload                            0x000000c9   Thumb Code     0  __scatter.o(!!!scatter)
    __scatterload_rt2                        0x000000c9   Thumb Code    52  __scatter.o(!!!scatter)
    __scatterload_rt2_thumb_only             0x000000c9   Thumb Code     0  __scatter.o(!!!scatter)
    __scatterload_null                       0x000000d9   Thumb Code     0  __scatter.o(!!!scatter)
    __scatterload_copy                       0x00000105   Thumb Code    26  __scatter_copy.o(!!handler_copy)
    __scatterload_zeroinit                   0x00000121   Thumb Code    28  __scatter_zi.o(!!handler_zi)
    __rt_lib_init                            0x0000013d   Thumb Code     0  libinit.o(.ARM.Collect$$libinit$$00000000)
    __rt_lib_init_alloca_1                   0x0000013f   Thumb Code     0  libinit2.o(.ARM.Collect$$libinit$$0000002E)
    __rt_lib_init_argv_1                     0x0000013f   Thumb Code     0  libinit2.o(.ARM.Collect$$libinit$$0000002C)
    __rt_lib_init_atexit_1                   0x0000013f   Thumb Code     0  libinit2.o(.ARM.Collect$$libinit$$0000001B)
    __rt_lib_init_clock_1                    0x0000013f   Thumb Code     0  libinit2.o(.ARM.Collect$$libinit$$00000021)
    __rt_lib_init_cpp_1                      0x0000013f   Thumb Code     0  libinit2.o(.ARM.Collect$$libinit$$00000032)
    __rt_lib_init_exceptions_1               0x0000013f   Thumb Code     0  libinit2.o(.ARM.Collect$$libinit$$00000030)
    __rt_lib_init_fp_1                       0x0000013f   Thumb Code     0  libinit2.o(.ARM.Collect$$libinit$$00000002)
    __rt_lib_init_fp_trap_1                  0x0000013f   Thumb Code     0  libinit2.o(.ARM.Collect$$libinit$$0000001F)
    __rt_lib_init_getenv_1                   0x0000013f   Thumb Code     0  libinit2.o(.ARM.Collect$$libinit$$00000023)
    __rt_lib_init_heap_1                     0x0000013f   Thumb Code     0  libinit2.o(.ARM.Collect$$libinit$$0000000A)
    __rt_lib_init_lc_collate_1               0x0000013f   Thumb Code     0  libinit2.o(.ARM.Collect$$libinit$$00000011)
    __rt_lib_init_lc_ctype_1                 0x0000013f   Thumb Code     0  libinit2.o(.ARM.Collect$$libinit$$00000013)
    __rt_lib_init_lc_monetary_1              0x0000013f   Thumb Code     0  libinit2.o(.ARM.Collect$$libinit$$00000015)
    __rt_lib_init_lc_numeric_1               0x0000013f   Thumb Code     0  libinit2.o(.ARM.Collect$$libinit$$00000017)
    __rt_lib_init_lc_time_1                  0x0000013f   Thumb Code     0  libinit2.o(.ARM.Collect$$libinit$$00000019)
    __rt_lib_init_preinit_1                  0x0000013f   Thumb Code     0  libinit2.o(.ARM.Collect$$libinit$$00000004)
    __rt_lib_init_rand_1                     0x0000013f   Thumb Code     0  libinit2.o(.ARM.Collect$$libinit$$0000000E)
    __rt_lib_init_return                     0x0000013f   Thumb Code     0  libinit2.o(.ARM.Collect$$libinit$$00000033)
    __rt_lib_init_signal_1                   0x0000013f   Thumb Code     0  libinit2.o(.ARM.Collect$$libinit$$0000001D)
    __rt_lib_init_stdio_1                    0x0000013f   Thumb Code     0  libinit2.o(.ARM.Collect$$libinit$$00000025)
    __rt_lib_init_user_alloc_1               0x0000013f   Thumb Code     0  libinit2.o(.ARM.Collect$$libinit$$0000000C)
    __rt_lib_shutdown                        0x00000141   Thumb Code     0  libshutdown.o(.ARM.Collect$$libshutdown$$00000000)
    __rt_lib_shutdown_cpp_1                  0x00000143   Thumb Code     0  libshutdown2.o(.ARM.Collect$$libshutdown$$00000002)
    __rt_lib_shutdown_fp_trap_1              0x00000143   Thumb Code     0  libshutdown2.o(.ARM.Collect$$libshutdown$$00000007)
    __rt_lib_shutdown_heap_1                 0x00000143   Thumb Code     0  libshutdown2.o(.ARM.Collect$$libshutdown$$0000000F)
    __rt_lib_shutdown_return                 0x00000143   Thumb Code     0  libshutdown2.o(.ARM.Collect$$libshutdown$$00000010)
    __rt_lib_shutdown_signal_1               0x00000143   Thumb Code     0  libshutdown2.o(.ARM.Collect$$libshutdown$$0000000A)
    __rt_lib_shutdown_stdio_1                0x00000143   Thumb Code     0  libshutdown2.o(.ARM.Collect$$libshutdown$$00000004)
    __rt_lib_shutdown_user_alloc_1           0x00000143   Thumb Code     0  libshutdown2.o(.ARM.Collect$$libshutdown$$0000000C)
    __rt_entry                               0x00000145   Thumb Code     0  __rtentry.o(.ARM.Collect$$rtentry$$00000000)
    __rt_entry_presh_1                       0x00000145   Thumb Code     0  __rtentry2.o(.ARM.Collect$$rtentry$$00000002)
    __rt_entry_sh                            0x00000145   Thumb Code     0  __rtentry7.o(.ARM.Collect$$rtentry$$00000007)
    __rt_entry_li                            0x00000149   Thumb Code     0  __rtentry2.o(.ARM.Collect$$rtentry$$0000000A)
    __rt_entry_postsh_1                      0x00000149   Thumb Code     0  __rtentry2.o(.ARM.Collect$$rtentry$$00000009)
    __rt_entry_main                          0x0000014d   Thumb Code     0  __rtentry2.o(.ARM.Collect$$rtentry$$0000000D)
    __rt_entry_postli_1                      0x0000014d   Thumb Code     0  __rtentry2.o(.ARM.Collect$$rtentry$$0000000C)
    __rt_exit                                0x00000159   Thumb Code     0  rtexit.o(.ARM.Collect$$rtexit$$00000000)
    __rt_exit_ls                             0x0000015b   Thumb Code     0  rtexit2.o(.ARM.Collect$$rtexit$$00000003)
    __rt_exit_prels_1                        0x0000015b   Thumb Code     0  rtexit2.o(.ARM.Collect$$rtexit$$00000002)
    __rt_exit_exit                           0x0000015f   Thumb Code     0  rtexit2.o(.ARM.Collect$$rtexit$$00000004)
    __aeabi_fdiv                             0x00000165   Thumb Code     0  fdiv.o(.text)
    _fdiv                                    0x00000165   Thumb Code   334  fdiv.o(.text)
    _frdiv                                   0x000002b3   Thumb Code     8  fdiv.o(.text)
    __aeabi_i2f_normalise                    0x000002c5   Thumb Code    72  fflti.o(.text)
    __aeabi_i2f                              0x0000030d   Thumb Code    16  fflti.o(.text)
    _fflt                                    0x0000030d   Thumb Code     0  fflti.o(.text)
    __aeabi_ui2f                             0x0000031d   Thumb Code     6  fflti.o(.text)
    _ffltu                                   0x0000031d   Thumb Code     0  fflti.o(.text)
    __read_errno                             0x00000323   Thumb Code    10  _rserrno.o(.text)
    __set_errno                              0x0000032d   Thumb Code    12  _rserrno.o(.text)
    __ARM_scalbnf                            0x00000339   Thumb Code    64  fscalbn.o(.text)
    __aeabi_errno_addr                       0x0000037d   Thumb Code     8  rt_errno_addr_intlibspace.o(.text)
    __errno$intlibspace                      0x0000037d   Thumb Code     0  rt_errno_addr_intlibspace.o(.text)
    __rt_errno_addr$intlibspace              0x0000037d   Thumb Code     0  rt_errno_addr_intlibspace.o(.text)
    __fpl_fcmp_InfNaN                        0x00000385   Thumb Code    96  fcmpin.o(.text)
    exit                                     0x000003e9   Thumb Code    16  exit.o(.text)
    __fpl_cmpreturn                          0x000003f9   Thumb Code    46  cmpret.o(.text)
    __fpl_fcheck_NaN2                        0x00000429   Thumb Code    10  fnan2.o(.text)
    __fpl_return_NaN                         0x00000439   Thumb Code    94  retnan.o(.text)
    _sys_exit                                0x00000499   Thumb Code     8  sys_exit.o(.text)
    __I$use$semihosting                      0x000004a5   Thumb Code     0  use_no_semi.o(.text)
    __use_no_semihosting_swi                 0x000004a5   Thumb Code     2  use_no_semi.o(.text)
    Default_Handler                          0x000004a7   Thumb Code     2  startup_armcm0.o(.text.Default_Handler)
    Interrupt0_Handler                       0x000004a7   Thumb Code     2  startup_armcm0.o(.text.Default_Handler)
    Interrupt1_Handler                       0x000004a7   Thumb Code     2  startup_armcm0.o(.text.Default_Handler)
    Interrupt2_Handler                       0x000004a7   Thumb Code     2  startup_armcm0.o(.text.Default_Handler)
    Interrupt3_Handler                       0x000004a7   Thumb Code     2  startup_armcm0.o(.text.Default_Handler)
    Interrupt4_Handler                       0x000004a7   Thumb Code     2  startup_armcm0.o(.text.Default_Handler)
    Interrupt5_Handler                       0x000004a7   Thumb Code     2  startup_armcm0.o(.text.Default_Handler)
    Interrupt6_Handler                       0x000004a7   Thumb Code     2  startup_armcm0.o(.text.Default_Handler)
    Interrupt7_Handler                       0x000004a7   Thumb Code     2  startup_armcm0.o(.text.Default_Handler)
    Interrupt8_Handler                       0x000004a7   Thumb Code     2  startup_armcm0.o(.text.Default_Handler)
    Interrupt9_Handler                       0x000004a7   Thumb Code     2  startup_armcm0.o(.text.Default_Handler)
    NMI_Handler                              0x000004a7   Thumb Code     2  startup_armcm0.o(.text.Default_Handler)
    PendSV_Handler                           0x000004a7   Thumb Code     2  startup_armcm0.o(.text.Default_Handler)
    SVC_Handler                              0x000004a7   Thumb Code     2  startup_armcm0.o(.text.Default_Handler)
    SysTick_Handler                          0x000004a7   Thumb Code     2  startup_armcm0.o(.text.Default_Handler)
    __semihosting_library_function           0x000004a7   Thumb Code     0  indicate_semi.o(.text)
    HardFault_Handler                        0x000004a9   Thumb Code     2  startup_armcm0.o(.text.HardFault_Handler)
    Reset_Handler                            0x000004ab   Thumb Code     8  startup_armcm0.o(.text.Reset_Handler)
    SystemInit                               0x000004b5   Thumb Code    16  system_armcm0.o(.text.SystemInit)
    arm_gaussian_naive_bayes_predict_f32     0x000004c5   Thumb Code   220  bayesfunctions.o(.text.arm_gaussian_naive_bayes_predict_f32)
    arm_max_f32                              0x000005a1   Thumb Code    94  statisticsfunctions.o(.text.arm_max_f32)
    main                                     0x00000601   Thumb Code    72  arm_bayes_example_f32.o(.text.main)
    __mathlib_flt_divzero                    0x00000649   Thumb Code    14  funder.o(i.__mathlib_flt_divzero)
    __mathlib_flt_infnan                     0x00000657   Thumb Code    10  funder.o(i.__mathlib_flt_infnan)
    __mathlib_flt_invalid                    0x00000661   Thumb Code    12  funder.o(i.__mathlib_flt_invalid)
    __aeabi_fcmplt                           0x0000066d   Thumb Code     0  fcmp.o(i._fls)
    _fls                                     0x0000066d   Thumb Code    22  fcmp.o(i._fls)
    __mathlib_logf                           0x00000685   Thumb Code     0  logf.o(i.logf)
    logf                                     0x00000685   Thumb Code   338  logf.o(i.logf)
    __aeabi_fadd                             0x00000801   Thumb Code     0  faddsub.o(x$fpl$fadd)
    _fadd                                    0x00000801   Thumb Code   134  faddsub.o(x$fpl$fadd)
    __aeabi_cfcmple                          0x0000088d   Thumb Code     0  flef.o(x$fpl$fleqf)
    _fcmple                                  0x0000088d   Thumb Code    78  flef.o(x$fpl$fleqf)
    __aeabi_fmul                             0x000008e1   Thumb Code     0  fmul.o(x$fpl$fmul)
    _fmul                                    0x000008e1   Thumb Code   172  fmul.o(x$fpl$fmul)
    __aeabi_fsub                             0x00000991   Thumb Code     0  faddsub.o(x$fpl$fsub)
    _fsub                                    0x00000991   Thumb Code   204  faddsub.o(x$fpl$fsub)
    __I$use$fp                               0x00000a60   Number         0  usenofp.o(x$fpl$usenofp)
    classPriors                              0x00000ae0   Data           8  arm_bayes_example_f32.o(.rodata.classPriors)
    sigma                                    0x00000ae8   Data          16  arm_bayes_example_f32.o(.rodata.sigma)
    theta                                    0x00000af8   Data          16  arm_bayes_example_f32.o(.rodata.theta)
    Region$$Table$$Base                      0x00000b08   Number         0  anon$$obj.o(Region$$Table)
    Region$$Table$$Limit                     0x00000b28   Number         0  anon$$obj.o(Region$$Table)
    SystemCoreClock                          0x20000000   Data           4  system_armcm0.o(.data.SystemCoreClock)
    __libspace_start                         0x20000004   Data          96  libspace.o(.bss)
    S                                        0x20000064   Data          24  arm_bayes_example_f32.o(.bss.S)
    __temporary_stack_top$libspace           0x20000064   Data           0  libspace.o(.bss)
    Image$$ARM_LIB_HEAP$$ZI$$Base            0x20000080   Number         0  anon$$obj.o ABSOLUTE
    Image$$ARM_LIB_HEAP$$ZI$$Limit           0x20000c80   Number         0  anon$$obj.o ABSOLUTE
    Image$$ARM_LIB_STACK$$ZI$$Limit          0x20040000   Number         0  anon$$obj.o ABSOLUTE



==============================================================================

Memory Map of the image

  Image Entry point : 0x000000c1

  Load Region LR_ROM (Base: 0x00000000, Size: 0x00000b2c, Max: 0x00080000, ABSOLUTE)

    Execution Region ER_ROM (Exec base: 0x00000000, Load base: 0x00000000, Size: 0x00000b28, Max: 0x00080000, ABSOLUTE)

    Exec Addr    Load Addr    Size         Type   Attr      Idx    E Section Name        Object

    0x00000000   0x00000000   0x000000c0   Data   RO         1124    RESET               startup_armcm0.o
    0x000000c0   0x000000c0   0x00000008   Code   RO         1173  * !!!main             c_p.l(__main.o)
    0x000000c8   0x000000c8   0x0000003c   Code   RO         1552    !!!scatter          c_p.l(__scatter.o)
    0x00000104   0x00000104   0x0000001a   Code   RO         1554    !!handler_copy      c_p.l(__scatter_copy.o)
    0x0000011e   0x0000011e   0x00000002   PAD
    0x00000120   0x00000120   0x0000001c   Code   RO         1556    !!handler_zi        c_p.l(__scatter_zi.o)
    0x0000013c   0x0000013c   0x00000002   Code   RO         1402    .ARM.Collect$$libinit$$00000000  c_p.l(libinit.o)
    0x0000013e   0x0000013e   0x00000000   Code   RO         1423    .ARM.Collect$$libinit$$00000002  c_p.l(libinit2.o)
    0x0000013e   0x0000013e   0x00000000   Code   RO         1425    .ARM.Collect$$libinit$$00000004  c_p.l(libinit2.o)
    0x0000013e   0x0000013e   0x00000000   Code   RO         1428    .ARM.Collect$$libinit$$0000000A  c_p.l(libinit2.o)
    0x0000013e   0x0000013e   0x00000000   Code   RO         1430    .ARM.Collect$$libinit$$0000000C  c_p.l(libinit2.o)
    0x0000013e   0x0000013e   0x00000000   Code   RO         1432    .ARM.Collect$$libinit$$0000000E  c_p.l(libinit2.o)
    0x0000013e   0x0000013e   0x00000000   Code   RO         1435    .ARM.Collect$$libinit$$00000011  c_p.l(libinit2.o)
    0x0000013e   0x0000013e   0x00000000   Code   RO         1437    .ARM.Collect$$libinit$$00000013  c_p.l(libinit2.o)
    0x0000013e   0x0000013e   0x00000000   Code   RO         1439    .ARM.Collect$$libinit$$00000015  c_p.l(libinit2.o)
    0x0000013e   0x0000013e   0x00000000   Code   RO         1441    .ARM.Collect$$libinit$$00000017  c_p.l(libinit2.o)
    0x0000013e   0x0000013e   0x00000000   Code   RO         1443    .ARM.Collect$$libinit$$00000019  c_p.l(libinit2.o)
    0x0000013e   0x0000013e   0x00000000   Code   RO         1445    .ARM.Collect$$libinit$$0000001B  c_p.l(libinit2.o)
    0x0000013e   0x0000013e   0x00000000   Code   RO         1447    .ARM.Collect$$libinit$$0000001D  c_p.l(libinit2.o)
    0x0000013e   0x0000013e   0x00000000   Code   RO         1449    .ARM.Collect$$libinit$$0000001F  c_p.l(libinit2.o)
    0x0000013e   0x0000013e   0x00000000   Code   RO         1451    .ARM.Collect$$libinit$$00000021  c_p.l(libinit2.o)
    0x0000013e   0x0000013e   0x00000000   Code   RO         1453    .ARM.Collect$$libinit$$00000023  c_p.l(libinit2.o)
    0x0000013e   0x0000013e   0x00000000   Code   RO         1455    .ARM.Collect$$libinit$$00000025  c_p.l(libinit2.o)
    0x0000013e   0x0000013e   0x00000000   Code   RO         1459    .ARM.Collect$$libinit$$0000002C  c_p.l(libinit2.o)
    0x0000013e   0x0000013e   0x00000000   Code   RO         1461    .ARM.Collect$$libinit$$0000002E  c_p.l(libinit2.o)
    0x0000013e   0x0000013e   0x00000000   Code   RO         1463    .ARM.Collect$$libinit$$00000030  c_p.l(libinit2.o)
    0x0000013e   0x0000013e   0x00000000   Code   RO         1465    .ARM.Collect$$libinit$$00000032  c_p.l(libinit2.o)
    0x0000013e   0x0000013e   0x00000002   Code   RO         1466    .ARM.Collect$$libinit$$00000033  c_p.l(libinit2.o)
    0x00000140   0x00000140   0x00000002   Code   RO         1507    .ARM.Collect$$libshutdown$$00000000  c_p.l(libshutdown.o)
    0x00000142   0x00000142   0x00000000   Code   RO         1535    .ARM.Collect$$libshutdown$$00000002  c_p.l(libshutdown2.o)
    0x00000142   0x00000142   0x00000000   Code   RO         1537    .ARM.Collect$$libshutdown$$00000004  c_p.l(libshutdown2.o)
    0x00000142   0x00000142   0x00000000   Code   RO         1540    .ARM.Collect$$libshutdown$$00000007  c_p.l(libshutdown2.o)
    0x00000142   0x00000142   0x00000000   Code   RO         1543    .ARM.Collect$$libshutdown$$0000000A  c_p.l(libshutdown2.o)
    0x00000142   0x00000142   0x00000000   Code   RO         1545    .ARM.Collect$$libshutdown$$0000000C  c_p.l(libshutdown2.o)
    0x00000142   0x00000142   0x00000000   Code   RO         1548    .ARM.Collect$$libshutdown$$0000000F  c_p.l(libshutdown2.o)
    0x00000142   0x00000142   0x00000002   Code   RO         1549    .ARM.Collect$$libshutdown$$00000010  c_p.l(libshutdown2.o)
    0x00000144   0x00000144   0x00000000   Code   RO         1285    .ARM.Collect$$rtentry$$00000000  c_p.l(__rtentry.o)
    0x00000144   0x00000144   0x00000000   Code   RO         1355    .ARM.Collect$$rtentry$$00000002  c_p.l(__rtentry2.o)
    0x00000144   0x00000144   0x00000004   Code   RO         1369    .ARM.Collect$$rtentry$$00000007  c_p.l(__rtentry7.o)
    0x00000148   0x00000148   0x00000000   Code   RO         1357    .ARM.Collect$$rtentry$$00000009  c_p.l(__rtentry2.o)
    0x00000148   0x00000148   0x00000004   Code   RO         1358    .ARM.Collect$$rtentry$$0000000A  c_p.l(__rtentry2.o)
    0x0000014c   0x0000014c   0x00000000   Code   RO         1360    .ARM.Collect$$rtentry$$0000000C  c_p.l(__rtentry2.o)
    0x0000014c   0x0000014c   0x00000008   Code   RO         1361    .ARM.Collect$$rtentry$$0000000D  c_p.l(__rtentry2.o)
    0x00000154   0x00000154   0x00000004   Code   RO         1370    .ARM.Collect$$rtentry$$00002718  c_p.l(__rtentry7.o)
    0x00000158   0x00000158   0x00000002   Code   RO         1414    .ARM.Collect$$rtexit$$00000000  c_p.l(rtexit.o)
    0x0000015a   0x0000015a   0x00000000   Code   RO         1481    .ARM.Collect$$rtexit$$00000002  c_p.l(rtexit2.o)
    0x0000015a   0x0000015a   0x00000004   Code   RO         1482    .ARM.Collect$$rtexit$$00000003  c_p.l(rtexit2.o)
    0x0000015e   0x0000015e   0x00000006   Code   RO         1483    .ARM.Collect$$rtexit$$00000004  c_p.l(rtexit2.o)
    0x00000164   0x00000164   0x00000160   Code   RO         1218    .text               fz_ps.l(fdiv.o)
    0x000002c4   0x000002c4   0x0000005e   Code   RO         1225    .text               fz_ps.l(fflti.o)
    0x00000322   0x00000322   0x00000016   Code   RO         1294    .text               c_p.l(_rserrno.o)
    0x00000338   0x00000338   0x00000044   Code   RO         1314    .text               fz_ps.l(fscalbn.o)
    0x0000037c   0x0000037c   0x00000008   Code   RO         1379    .text               c_p.l(rt_errno_addr_intlibspace.o)
    0x00000384   0x00000384   0x00000064   Code   RO         1383    .text               fz_ps.l(fcmpin.o)
    0x000003e8   0x000003e8   0x00000010   Code   RO         1391    .text               c_p.l(exit.o)
    0x000003f8   0x000003f8   0x0000002e   Code   RO         1403    .text               fz_ps.l(cmpret.o)
    0x00000426   0x00000426   0x00000002   PAD
    0x00000428   0x00000428   0x00000010   Code   RO         1407    .text               fz_ps.l(fnan2.o)
    0x00000438   0x00000438   0x0000005e   Code   RO         1471    .text               fz_ps.l(retnan.o)
    0x00000496   0x00000496   0x00000002   PAD
    0x00000498   0x00000498   0x0000000c   Code   RO         1473    .text               c_p.l(sys_exit.o)
    0x000004a4   0x000004a4   0x00000002   Code   RO         1477    .text               c_p.l(use_no_semi.o)
    0x000004a6   0x000004a6   0x00000000   Code   RO         1479    .text               c_p.l(indicate_semi.o)
    0x000004a6   0x000004a6   0x00000002   Code   RO         1118    .text.Default_Handler  startup_armcm0.o
    0x000004a8   0x000004a8   0x00000002   Code   RO         1122    .text.HardFault_Handler  startup_armcm0.o
    0x000004aa   0x000004aa   0x00000008   Code   RO         1120    .text.Reset_Handler  startup_armcm0.o
    0x000004b2   0x000004b2   0x00000002   PAD
    0x000004b4   0x000004b4   0x00000010   Code   RO         1135    .text.SystemInit    system_armcm0.o
    0x000004c4   0x000004c4   0x000000dc   Code   RO          121    .text.arm_gaussian_naive_bayes_predict_f32  bayesfunctions.o
    0x000005a0   0x000005a0   0x0000005e   Code   RO          781    .text.arm_max_f32   statisticsfunctions.o
    0x000005fe   0x000005fe   0x00000002   PAD
    0x00000600   0x00000600   0x00000048   Code   RO            4    .text.main          arm_bayes_example_f32.o
    0x00000648   0x00000648   0x0000000e   Code   RO         1337    i.__mathlib_flt_divzero  m_ps.l(funder.o)
    0x00000656   0x00000656   0x0000000a   Code   RO         1338    i.__mathlib_flt_infnan  m_ps.l(funder.o)
    0x00000660   0x00000660   0x0000000c   Code   RO         1340    i.__mathlib_flt_invalid  m_ps.l(funder.o)
    0x0000066c   0x0000066c   0x00000016   Code   RO         1210    i._fls              fz_ps.l(fcmp.o)
    0x00000682   0x00000682   0x00000002   PAD
    0x00000684   0x00000684   0x0000017c   Code   RO         1250    i.logf              m_ps.l(logf.o)
    0x00000800   0x00000800   0x0000008c   Code   RO         1200    x$fpl$fadd          fz_ps.l(faddsub.o)
    0x0000088c   0x0000088c   0x00000054   Code   RO         1310    x$fpl$fleqf         fz_ps.l(flef.o)
    0x000008e0   0x000008e0   0x000000b0   Code   RO         1227    x$fpl$fmul          fz_ps.l(fmul.o)
    0x00000990   0x00000990   0x000000d0   Code   RO         1202    x$fpl$fsub          fz_ps.l(faddsub.o)
    0x00000a60   0x00000a60   0x00000000   Code   RO         1320    x$fpl$usenofp       fz_ps.l(usenofp.o)
    0x00000a60   0x00000a60   0x00000040   Data   RO         1219    .constdata          fz_ps.l(fdiv.o)
    0x00000aa0   0x00000aa0   0x00000040   Data   RO         1251    .constdata          m_ps.l(logf.o)
    0x00000ae0   0x00000ae0   0x00000008   Data   RO            8    .rodata.classPriors  arm_bayes_example_f32.o
    0x00000ae8   0x00000ae8   0x00000010   Data   RO            7    .rodata.sigma       arm_bayes_example_f32.o
    0x00000af8   0x00000af8   0x00000010   Data   RO            6    .rodata.theta       arm_bayes_example_f32.o
    0x00000b08   0x00000b08   0x00000020   Data   RO         1551    Region$$Table       anon$$obj.o


    Execution Region RW_RAM (Exec base: 0x20000000, Load base: 0x00000b28, Size: 0x0000007c, Max: 0x0003f200, ABSOLUTE)

    Exec Addr    Load Addr    Size         Type   Attr      Idx    E Section Name        Object

    0x20000000   0x00000b28   0x00000004   Data   RW         1137    .data.SystemCoreClock  system_armcm0.o
    0x20000004        -       0x00000060   Zero   RW         1386    .bss                c_p.l(libspace.o)
    0x20000064        -       0x00000018   Zero   RW            9    .bss.S              arm_bayes_example_f32.o


    Execution Region ARM_LIB_HEAP (Exec base: 0x20000080, Load base: 0x00000b2c, Size: 0x00000c00, Max: 0x00000c00, ABSOLUTE)

    Exec Addr    Load Addr    Size         Type   Attr      Idx    E Section Name        Object

    0x20000080        -       0x00000c00   Zero   RW            1    ARM_LIB_HEAP.bss    anon$$obj.o


    Execution Region ARM_LIB_STACK (Exec base: 0x2003fe00, Load base: 0x00000b2c, Size: 0x00000200, Max: 0x00000200, ABSOLUTE)

    Exec Addr    Load Addr    Size         Type   Attr      Idx    E Section Name        Object

    0x2003fe00        -       0x00000200   Zero   RW            2    ARM_LIB_STACK.bss   anon$$obj.o


==============================================================================

Image component sizes


      Code (inc. data)   RO Data    RW Data    ZI Data      Debug   Object Name

        72         28         40          0         24       1254   arm_bayes_example_f32.o
       220          4          0          0          0       2343   bayesfunctions.o
        12          0        192          0          0        916   startup_armcm0.o
        94          0          0          0          0      18830   statisticsfunctions.o
        16          8          0          4          0        700   system_armcm0.o

    ----------------------------------------------------------------------
       418         40        264          4       3608      24043   Object Totals
         0          0         32          0       3584          0   (incl. Generated)
         4          0          0          0          0          0   (incl. Padding)

    ----------------------------------------------------------------------

      Code (inc. data)   RO Data    RW Data    ZI Data      Debug   Library Member Name

         8          0          0          0          0         68   __main.o
         0          0          0          0          0          0   __rtentry.o
        12          0          0          0          0          0   __rtentry2.o
         8          4          0          0          0          0   __rtentry7.o
        60          8          0          0          0          0   __scatter.o
        26          0          0          0          0          0   __scatter_copy.o
        28          0          0          0          0          0   __scatter_zi.o
        22          0          0          0          0         92   _rserrno.o
        16          0          0          0          0         68   exit.o
         0          0          0          0          0          0   indicate_semi.o
         2          0          0          0          0          0   libinit.o
         2          0          0          0          0          0   libinit2.o
         2          0          0          0          0          0   libshutdown.o
         2          0          0          0          0          0   libshutdown2.o
         0          0          0          0         96          0   libspace.o
         8          4          0          0          0         68   rt_errno_addr_intlibspace.o
         2          0          0          0          0          0   rtexit.o
        10          0          0          0          0          0   rtexit2.o
        12          4          0          0          0         60   sys_exit.o
         2          0          0          0          0         68   use_no_semi.o
        46          0          0          0          0         60   cmpret.o
       348          8          0          0          0        160   faddsub.o
        22          0          0          0          0         68   fcmp.o
       100          4          0          0          0         68   fcmpin.o
       352         10         64          0          0         92   fdiv.o
        94          0          0          0          0         92   fflti.o
        84          4          0          0          0         76   flef.o
       176          4          0          0          0         80   fmul.o
        16          6          0          0          0         68   fnan2.o
        68          4          0          0          0         68   fscalbn.o
        94          0          0          0          0         68   retnan.o
         0          0          0          0          0          0   usenofp.o
        36          0          0          0          0        204   funder.o
       380         42         64          0          0         76   logf.o

    ----------------------------------------------------------------------
      2046        102        128          0         96       1604   Library Totals
         8          0          0          0          0          0   (incl. Padding)

    ----------------------------------------------------------------------

      Code (inc. data)   RO Data    RW Data    ZI Data      Debug   Library Name

       222         20          0          0         96        424   c_p.l
      1400         40         64          0          0        900   fz_ps.l
       416         42         64          0          0        280   m_ps.l

    ----------------------------------------------------------------------
      2046        102        128          0         96       1604   Library Totals

    ----------------------------------------------------------------------

==============================================================================


      Code (inc. data)   RO Data    RW Data    ZI Data      Debug   

      2464        142        392          4       3704      24859   Grand Totals
      2464        142        392          4       3704      24859   ELF Image Totals
      2464        142        392          4          0          0   ROM Totals

==============================================================================

    Total RO  Size (Code + RO Data)                 2856 (   2.79kB)
    Total RW  Size (RW Data + ZI Data)              3708 (   3.62kB)
    Total ROM Size (Code + RO Data + RW Data)       2860 (   2.79kB)

==============================================================================

